<html>
<body>
<pre>
<h1>µVision Build Log</h1>
<h2>Tool Versions:</h2>
IDE-Version: ¦ÌVision V5.39.0.0
Copyright (C) 2023 ARM Ltd and ARM Germany GmbH. All rights reserved.
License Information: chaofei li, uestc, LIC=CZLZX-HXYGJ-2Z3W4-FSKUN-QD6AP-ZPKZB
 
Tool Versions:
Toolchain:       MDK-ARM Plus  Version: 5.39.0.0
Toolchain Path:  D:\az\keil\core\ARM\ARM_Compiler_6.18\Bin
C Compiler:      ArmClang.exe V6.18
Assembler:       Armasm.exe V6.18
Linker/Locator:  ArmLink.exe V6.18
Library Manager: ArmAr.exe V6.18
Hex Converter:   FromElf.exe V6.18
CPU DLL:         SARMCM3.DLL V5.39.0.0
Dialog DLL:      DCM.DLL V1.17.5.0
Target DLL:      STLink\ST-LINKIII-KEIL_SWO.dll V3.2.0.0
Dialog DLL:      TCM.DLL V1.56.4.0
 
<h2>Project:</h2>
C:\Users\11214\Desktop\tgs\1\code\TGS(ADI)\MDK-ARM\TGS(ADI).uvprojx
Project File Date:  05/27/2025

<h2>Output:</h2>
*** Using Compiler 'V6.18', folder: 'D:\az\keil\core\ARM\ARM_Compiler_6.18\Bin'
Build target 'TGS(ADI)'
compiling stm32f4xx_hal.c...
compiling stm32f4xx_hal_flash.c...
compiling stm32f4xx_hal_gpio.c...
compiling iwdg.c...
compiling rtc.c...
compiling i2c.c...
compiling tim.c...
compiling gpio.c...
compiling main.c...
compiling stm32f4xx_hal_dac_ex.c...
compiling stm32f4xx_hal_dac.c...
compiling usart.c...
compiling stm32f4xx_hal_rcc.c...
compiling dac.c...
compiling dma.c...
compiling stm32f4xx_it.c...
compiling stm32f4xx_hal_cortex.c...
compiling stm32f4xx_hal_flash_ramfunc.c...
compiling stm32f4xx_hal_rcc_ex.c...
compiling stm32f4xx_hal_pwr.c...
compiling stm32f4xx_hal_exti.c...
compiling stm32f4xx_hal_rtc.c...
compiling stm32f4xx_hal_rtc_ex.c...
compiling stm32f4xx_hal_pwr_ex.c...
compiling stm32f4xx_hal_dma.c...
compiling stm32f4xx_hal_i2c_ex.c...
compiling stm32f4xx_hal_dma_ex.c...
compiling stm32f4xx_hal_iwdg.c...
compiling stm32f4xx_hal_msp.c...
compiling stm32f4xx_ll_sdmmc.c...
compiling stm32f4xx_hal_i2c.c...
compiling stm32f4xx_hal_sd.c...
compiling stm32f4xx_hal_mmc.c...
compiling stm32f4xx_hal_spi.c...
compiling system_stm32f4xx.c...
compiling AD7768.c...
compiling stm32f4xx_hal_tim_ex.c...
compiling LTC2664.c...
compiling ADXL382.c...
compiling stm32f4xx_hal_uart.c...
compiling stm32f4xx_hal_tim.c...
compiling stm32f4xx_hal_flash_ex.c...
compiling spi.c...
compiling debug.c...
linking...
Program Size: Code=29386 RO-data=846 RW-data=20 ZI-data=6700  
FromELF: creating hex file...
"TGS(ADI)\TGS(ADI).axf" - 0 Error(s), 0 Warning(s).

<h2>Software Packages used:</h2>

Package Vendor: ARM
                https://www.keil.com/pack/ARM.CMSIS.6.1.0.pack
                ARM::CMSIS@6.1.0
                CMSIS (Common Microcontroller Software Interface Standard)
   * Component: CORE Version: 6.1.0

Package Vendor: Keil
                https://www.keil.com/pack/Keil.STM32F4xx_DFP.2.17.1.pack
                Keil::STM32F4xx_DFP@2.17.1
                STMicroelectronics STM32F4 Series Device Support, Drivers and Examples
   * Component: Startup Version: 2.6.3

<h2>Collection of Component include folders:</h2>
  ./RTE/_TGS_ADI_
  D:/az/keil/pack/ARM/CMSIS/6.1.0/CMSIS/Core/Include
  D:/az/keil/pack/Keil/STM32F4xx_DFP/2.17.1/Drivers/CMSIS/Device/ST/STM32F4xx/Include

<h2>Collection of Component Files used:</h2>

   * Component: ARM::CMSIS:CORE@6.1.0
      Include file:  CMSIS/Core/Include/tz_context.h

   * Component: Keil::Device:Startup@2.6.3
      Source file:   MDK/Device/Source/ARM/STM32F42xxx_43xxx_OPT.s
      Source file:   MDK/Device/Source/ARM/STM32F4xx_OTP.s
      Include file:  Drivers/CMSIS/Device/ST/STM32F4xx/Include/stm32f4xx.h
      Source file:   Drivers/CMSIS/Device/ST/STM32F4xx/Source/Templates/arm/startup_stm32f427xx.s
      Source file:   Drivers/CMSIS/Device/ST/STM32F4xx/Source/Templates/system_stm32f4xx.c
Build Time Elapsed:  00:00:44
</pre>
</body>
</html>
