Component: Arm Compiler for Embedded 6.18 Tool: armlink [5e4cc100]

==============================================================================

Section Cross References

    startup_stm32f427xx.o(RESET) refers to startup_stm32f427xx.o(STACK) for __initial_sp
    startup_stm32f427xx.o(RESET) refers to startup_stm32f427xx.o(.text) for Reset_Handler
    startup_stm32f427xx.o(RESET) refers to stm32f4xx_it.o(.text.NMI_Handler) for NMI_Handler
    startup_stm32f427xx.o(RESET) refers to stm32f4xx_it.o(.text.HardFault_Handler) for HardFault_Handler
    startup_stm32f427xx.o(RESET) refers to stm32f4xx_it.o(.text.MemManage_Handler) for MemManage_Handler
    startup_stm32f427xx.o(RESET) refers to stm32f4xx_it.o(.text.BusFault_Handler) for BusFault_Handler
    startup_stm32f427xx.o(RESET) refers to stm32f4xx_it.o(.text.UsageFault_Handler) for UsageFault_Handler
    startup_stm32f427xx.o(RESET) refers to stm32f4xx_it.o(.text.DebugMon_Handler) for DebugMon_Handler
    startup_stm32f427xx.o(RESET) refers to main.o(.text.SysTick_Handler) for SysTick_Handler
    startup_stm32f427xx.o(RESET) refers to stm32f4xx_it.o(.text.RTC_WKUP_IRQHandler) for RTC_WKUP_IRQHandler
    startup_stm32f427xx.o(RESET) refers to stm32f4xx_it.o(.text.TIM2_IRQHandler) for TIM2_IRQHandler
    startup_stm32f427xx.o(RESET) refers to stm32f4xx_it.o(.text.SPI1_IRQHandler) for SPI1_IRQHandler
    startup_stm32f427xx.o(RESET) refers to stm32f4xx_it.o(.text.RTC_Alarm_IRQHandler) for RTC_Alarm_IRQHandler
    startup_stm32f427xx.o(RESET) refers to stm32f4xx_it.o(.text.DMA2_Stream0_IRQHandler) for DMA2_Stream0_IRQHandler
    startup_stm32f427xx.o(RESET) refers to stm32f4xx_it.o(.text.DMA2_Stream1_IRQHandler) for DMA2_Stream1_IRQHandler
    startup_stm32f427xx.o(RESET) refers to stm32f4xx_it.o(.text.DMA2_Stream4_IRQHandler) for DMA2_Stream4_IRQHandler
    startup_stm32f427xx.o(RESET) refers to stm32f4xx_it.o(.text.DMA2_Stream5_IRQHandler) for DMA2_Stream5_IRQHandler
    startup_stm32f427xx.o(RESET) refers to stm32f4xx_it.o(.text.SPI4_IRQHandler) for SPI4_IRQHandler
    startup_stm32f427xx.o(RESET) refers to stm32f4xx_it.o(.text.SPI5_IRQHandler) for SPI5_IRQHandler
    startup_stm32f427xx.o(RESET) refers to stm32f4xx_it.o(.text.SPI6_IRQHandler) for SPI6_IRQHandler
    startup_stm32f427xx.o(.text) refers to system_stm32f4xx.o(.text.SystemInit) for SystemInit
    startup_stm32f427xx.o(.text) refers to entry.o(.ARM.Collect$$$$00000000) for __main
    main.o(.text.main) refers to stm32f4xx_hal.o(.text.HAL_Init) for HAL_Init
    main.o(.text.main) refers to stm32f4xx_hal_gpio.o(.text.HAL_GPIO_Init) for HAL_GPIO_Init
    main.o(.text.main) refers to stm32f4xx_hal_gpio.o(.text.HAL_GPIO_WritePin) for HAL_GPIO_WritePin
    main.o(.text.main) refers to main.o(.text.SystemClock_Config) for SystemClock_Config
    main.o(.text.main) refers to gpio.o(.text.MX_GPIO_Init) for MX_GPIO_Init
    main.o(.text.main) refers to dma.o(.text.MX_DMA_Init) for MX_DMA_Init
    main.o(.text.main) refers to tim.o(.text.MX_TIM2_Init) for MX_TIM2_Init
    main.o(.text.main) refers to tim.o(.text.MX_TIM3_Init) for MX_TIM3_Init
    main.o(.text.main) refers to tim.o(.text.MX_TIM9_Init) for MX_TIM9_Init
    main.o(.text.main) refers to spi.o(.text.MX_SPI1_Init) for MX_SPI1_Init
    main.o(.text.main) refers to spi.o(.text.MX_SPI4_Init) for MX_SPI4_Init
    main.o(.text.main) refers to spi.o(.text.MX_SPI5_Init) for MX_SPI5_Init
    main.o(.text.main) refers to spi.o(.text.MX_SPI6_Init) for MX_SPI6_Init
    main.o(.text.main) refers to usart.o(.text.MX_UART8_Init) for MX_UART8_Init
    main.o(.text.main) refers to ltc2664.o(.text.LTC2664_write_command) for LTC2664_write_command
    main.o(.text.main) refers to stm32f4xx_hal.o(.text.HAL_Delay) for HAL_Delay
    main.o(.text.main) refers to ltc2664.o(.rodata.LTC2664_MIN_OUTPUT) for LTC2664_MIN_OUTPUT
    main.o(.text.main) refers to ltc2664.o(.rodata.LTC2664_MAX_OUTPUT) for LTC2664_MAX_OUTPUT
    main.o(.text.main) refers to ltc2664.o(.text.LTC2664_voltage_to_code) for LTC2664_voltage_to_code
    main.o(.text.main) refers to ltc2664.o(.text.LTC2664_write) for LTC2664_write
    main.o(.text.main) refers to ltc2664.o(.text.set_opa) for set_opa
    main.o(.text.main) refers to tim.o(.bss.htim3) for htim3
    main.o(.text.main) refers to stm32f4xx_hal_tim.o(.text.HAL_TIM_PWM_Start) for HAL_TIM_PWM_Start
    main.o(.text.main) refers to tim.o(.bss.htim9) for htim9
    main.o(.text.main) refers to ad7768.o(.text.my_ad7768_init) for my_ad7768_init
    main.o(.text.main) refers to ad7768.o(.text.offsetCalibration) for offsetCalibration
    main.o(.text.main) refers to ad7768.o(.bss.receive_flag) for receive_flag
    main.o(.text.main) refers to main.o(.rodata.str1.1) for .L.str
    main.o(.text.main) refers to printfa.o(i.__0printf) for printf
    main.o(.text.main) refers to ad7768.o(.bss.rxBuffer) for rxBuffer
    main.o(.text.main) refers to main.o(.bss.test) for test
    main.o(.text.main) refers to dfltul.o(.text) for __aeabi_ul2d
[...]
    stm32f4xx_hal_sd.c                       0x00000000   Number         0  stm32f4xx_hal_sd.o ABSOLUTE
    stm32f4xx_hal_spi.c                      0x00000000   Number         0  stm32f4xx_hal_spi.o ABSOLUTE
    stm32f4xx_hal_tim.c                      0x00000000   Number         0  stm32f4xx_hal_tim.o ABSOLUTE
    stm32f4xx_hal_tim_ex.c                   0x00000000   Number         0  stm32f4xx_hal_tim_ex.o ABSOLUTE
    stm32f4xx_hal_uart.c                     0x00000000   Number         0  stm32f4xx_hal_uart.o ABSOLUTE
    stm32f4xx_it.c                           0x00000000   Number         0  stm32f4xx_it.o ABSOLUTE
    stm32f4xx_ll_sdmmc.c                     0x00000000   Number         0  stm32f4xx_ll_sdmmc.o ABSOLUTE
    system_stm32f4xx.c                       0x00000000   Number         0  system_stm32f4xx.o ABSOLUTE
    tim.c                                    0x00000000   Number         0  tim.o ABSOLUTE
    usart.c                                  0x00000000   Number         0  usart.o ABSOLUTE
    RESET                                    0x08000000   Section      428  startup_stm32f427xx.o(RESET)
    .ARM.Collect$$$$00000000                 0x080001ac   Section        0  entry.o(.ARM.Collect$$$$00000000)
    .ARM.Collect$$$$00000001                 0x080001ac   Section        4  entry2.o(.ARM.Collect$$$$00000001)
    .ARM.Collect$$$$00000004                 0x080001b0   Section        4  entry5.o(.ARM.Collect$$$$00000004)
    .ARM.Collect$$$$00000008                 0x080001b4   Section        0  entry7b.o(.ARM.Collect$$$$00000008)
    .ARM.Collect$$$$0000000A                 0x080001b4   Section        0  entry8b.o(.ARM.Collect$$$$0000000A)
    .ARM.Collect$$$$0000000B                 0x080001b4   Section        8  entry9a.o(.ARM.Collect$$$$0000000B)
    __lit__00000000                          0x080001bc   Data           4  entry2.o(.ARM.Collect$$$$00002712)
    .ARM.Collect$$$$0000000D                 0x080001bc   Section        0  entry10a.o(.ARM.Collect$$$$0000000D)
    .ARM.Collect$$$$0000000F                 0x080001bc   Section        0  entry11a.o(.ARM.Collect$$$$0000000F)
    .ARM.Collect$$$$00002712                 0x080001bc   Section        4  entry2.o(.ARM.Collect$$$$00002712)
    $v0                                      0x080001c0   Number         0  startup_stm32f427xx.o(.text)
    .text                                    0x080001c0   Section       36  startup_stm32f427xx.o(.text)
    .text                                    0x080001e4   Section        0  uldiv.o(.text)
    .text                                    0x08000246   Section        0  ldiv.o(.text)
    .text                                    0x080002a8   Section        0  memseta.o(.text)
    .text                                    0x080002cc   Section        0  dadd.o(.text)
    .text                                    0x0800041a   Section        0  dmul.o(.text)
    .text                                    0x080004fe   Section        0  ddiv.o(.text)
    .text                                    0x080005dc   Section        0  dcmple.o(.text)
    .text                                    0x08000612   Section        0  dcmpge.o(.text)
    .text                                    0x08000648   Section        0  dfltl.o(.text)
    .text                                    0x08000670   Section        0  dfltul.o(.text)
    .text                                    0x08000688   Section        0  dfixui.o(.text)
    .text                                    0x080006ba   Section        0  f2d.o(.text)
    .text                                    0x080006e0   Section        0  d2f.o(.text)
    .text                                    0x08000718   Section        0  uidiv.o(.text)
    .text                                    0x08000744   Section        0  llshl.o(.text)
    .text                                    0x08000762   Section        0  llushr.o(.text)
    .text                                    0x08000782   Section        0  llsshr.o(.text)
    .text                                    0x080007a6   Section        0  iusefp.o(.text)
    .text                                    0x080007a6   Section        0  fepilogue.o(.text)
    .text                                    0x08000814   Section        0  depilogue.o(.text)
    .text                                    0x080008ce   Section        0  dsqrt.o(.text)
    .text                                    0x08000970   Section        0  dfixul.o(.text)
    .text                                    0x080009a0   Section       48  cdrcmple.o(.text)
    .text                                    0x080009d0   Section       36  init.o(.text)
    [Anonymous Symbol]                       0x080009f4   Section        0  stm32f4xx_it.o(.text.BusFault_Handler)
    [Anonymous Symbol]                       0x080009f8   Section        0  stm32f4xx_it.o(.text.DMA2_Stream0_IRQHandler)
    [Anonymous Symbol]                       0x08000a08   Section        0  stm32f4xx_it.o(.text.DMA2_Stream1_IRQHandler)
    [Anonymous Symbol]                       0x08000a18   Section        0  stm32f4xx_it.o(.text.DMA2_Stream4_IRQHandler)
    [Anonymous Symbol]                       0x08000a28   Section        0  stm32f4xx_it.o(.text.DMA2_Stream5_IRQHandler)
    DMA_CalcBaseAndBitshift                  0x08000a39   Thumb Code    86  stm32f4xx_hal_dma.o(.text.DMA_CalcBaseAndBitshift)
    [Anonymous Symbol]                       0x08000a38   Section        0  stm32f4xx_hal_dma.o(.text.DMA_CalcBaseAndBitshift)
    DMA_CheckFifoParam                       0x08000a91   Thumb Code   240  stm32f4xx_hal_dma.o(.text.DMA_CheckFifoParam)
    [Anonymous Symbol]                       0x08000a90   Section        0  stm32f4xx_hal_dma.o(.text.DMA_CheckFifoParam)
    DMA_SetConfig                            0x08000b81   Thumb Code    80  stm32f4xx_hal_dma.o(.text.DMA_SetConfig)
    [Anonymous Symbol]                       0x08000b80   Section        0  stm32f4xx_hal_dma.o(.text.DMA_SetConfig)
    [Anonymous Symbol]                       0x08000bd0   Section        0  stm32f4xx_it.o(.text.DebugMon_Handler)
    [Anonymous Symbol]                       0x08000bd4   Section        0  main.o(.text.Error_Handler)
    [Anonymous Symbol]                       0x08000bdc   Section        0  ad7768.o(.text.Fill_reg_List)
    [Anonymous Symbol]                       0x08000c38   Section        0  stm32f4xx_hal_dma.o(.text.HAL_DMA_Abort_IT)
    [Anonymous Symbol]                       0x08000c7c   Section        0  stm32f4xx_hal_dma.o(.text.HAL_DMA_IRQHandler)
    [Anonymous Symbol]                       0x08000f9c   Section        0  stm32f4xx_hal_dma.o(.text.HAL_DMA_Init)
    [Anonymous Symbol]                       0x0800110c   Section        0  stm32f4xx_hal_dma.o(.text.HAL_DMA_Start_IT)
    [Anonymous Symbol]                       0x080011d0   Section        0  stm32f4xx_hal.o(.text.HAL_Delay)
    [Anonymous Symbol]                       0x08001214   Section        0  stm32f4xx_hal_gpio.o(.text.HAL_GPIO_Init)
    [Anonymous Symbol]                       0x08001604   Section        0  stm32f4xx_hal_gpio.o(.text.HAL_GPIO_WritePin)
    [Anonymous Symbol]                       0x08001634   Section        0  stm32f4xx_hal.o(.text.HAL_GetTick)
    [Anonymous Symbol]                       0x08001640   Section        0  stm32f4xx_hal.o(.text.HAL_IncTick)
    [Anonymous Symbol]                       0x0800165c   Section        0  stm32f4xx_hal.o(.text.HAL_Init)
    [Anonymous Symbol]                       0x08001694   Section        0  stm32f4xx_hal.o(.text.HAL_InitTick)
    [Anonymous Symbol]                       0x08001704   Section        0  stm32f4xx_hal_msp.o(.text.HAL_MspInit)
    [Anonymous Symbol]                       0x08001750   Section        0  stm32f4xx_hal_cortex.o(.text.HAL_NVIC_EnableIRQ)
    [Anonymous Symbol]                       0x08001764   Section        0  stm32f4xx_hal_cortex.o(.text.HAL_NVIC_SetPriority)
    [Anonymous Symbol]                       0x08001798   Section        0  stm32f4xx_hal_cortex.o(.text.HAL_NVIC_SetPriorityGrouping)
    [Anonymous Symbol]                       0x080017a8   Section        0  stm32f4xx_hal_rcc.o(.text.HAL_RCC_ClockConfig)
    [Anonymous Symbol]                       0x08001a0c   Section        0  stm32f4xx_hal_rcc.o(.text.HAL_RCC_GetHCLKFreq)
    [Anonymous Symbol]                       0x08001a18   Section        0  stm32f4xx_hal_rcc.o(.text.HAL_RCC_GetPCLK1Freq)
    [Anonymous Symbol]                       0x08001a3c   Section        0  stm32f4xx_hal_rcc.o(.text.HAL_RCC_GetPCLK2Freq)
    [Anonymous Symbol]                       0x08001a60   Section        0  stm32f4xx_hal_rcc.o(.text.HAL_RCC_GetSysClockFreq)
    [Anonymous Symbol]                       0x08001b40   Section        0  stm32f4xx_hal_rcc.o(.text.HAL_RCC_OscConfig)
    [Anonymous Symbol]                       0x08002200   Section        0  stm32f4xx_hal_rtc_ex.o(.text.HAL_RTCEx_AlarmBEventCallback)
    [Anonymous Symbol]                       0x08002208   Section        0  stm32f4xx_hal_rtc_ex.o(.text.HAL_RTCEx_WakeUpTimerEventCallback)
    [Anonymous Symbol]                       0x08002210   Section        0  stm32f4xx_hal_rtc_ex.o(.text.HAL_RTCEx_WakeUpTimerIRQHandler)
    [Anonymous Symbol]                       0x08002260   Section        0  stm32f4xx_hal_rtc.o(.text.HAL_RTC_AlarmAEventCallback)
    [Anonymous Symbol]                       0x08002268   Section        0  stm32f4xx_hal_rtc.o(.text.HAL_RTC_AlarmIRQHandler)
    [Anonymous Symbol]                       0x08002314   Section        0  stm32f4xx_hal_spi.o(.text.HAL_SPI_ErrorCallback)
    [Anonymous Symbol]                       0x0800231c   Section        0  stm32f4xx_hal_spi.o(.text.HAL_SPI_IRQHandler)
    [Anonymous Symbol]                       0x0800254c   Section        0  stm32f4xx_hal_spi.o(.text.HAL_SPI_Init)
    [Anonymous Symbol]                       0x0800264c   Section        0  spi.o(.text.HAL_SPI_MspInit)
    [Anonymous Symbol]                       0x08002a50   Section        0  stm32f4xx_hal_spi.o(.text.HAL_SPI_Receive_DMA)
    [Anonymous Symbol]                       0x08002be8   Section        0  stm32f4xx_it.o(.text.HAL_SPI_RxCpltCallback)
    [Anonymous Symbol]                       0x08002c10   Section        0  stm32f4xx_hal_spi.o(.text.HAL_SPI_RxHalfCpltCallback)
    [Anonymous Symbol]                       0x08002c18   Section        0  stm32f4xx_hal_spi.o(.text.HAL_SPI_TransmitReceive)
    [Anonymous Symbol]                       0x08002fbc   Section        0  stm32f4xx_hal_spi.o(.text.HAL_SPI_TransmitReceive_DMA)
    [Anonymous Symbol]                       0x080031d0   Section        0  stm32f4xx_hal_spi.o(.text.HAL_SPI_TxRxCpltCallback)
    [Anonymous Symbol]                       0x080031d8   Section        0  stm32f4xx_hal_spi.o(.text.HAL_SPI_TxRxHalfCpltCallback)
    [Anonymous Symbol]                       0x080031e0   Section        0  stm32f4xx_hal_cortex.o(.text.HAL_SYSTICK_Config)
    [Anonymous Symbol]                       0x080031f0   Section        0  stm32f4xx_hal_tim_ex.o(.text.HAL_TIMEx_BreakCallback)
    [Anonymous Symbol]                       0x080031f8   Section        0  stm32f4xx_hal_tim_ex.o(.text.HAL_TIMEx_CommutCallback)
    [Anonymous Symbol]                       0x08003200   Section        0  stm32f4xx_hal_tim_ex.o(.text.HAL_TIMEx_MasterConfigSynchronization)
    [Anonymous Symbol]                       0x08003324   Section        0  stm32f4xx_hal_tim.o(.text.HAL_TIM_Base_Init)
    [Anonymous Symbol]                       0x080033c0   Section        0  tim.o(.text.HAL_TIM_Base_MspInit)
    [Anonymous Symbol]                       0x080034b8   Section        0  stm32f4xx_hal_tim.o(.text.HAL_TIM_IC_CaptureCallback)
    [Anonymous Symbol]                       0x080034c0   Section        0  stm32f4xx_hal_tim.o(.text.HAL_TIM_IRQHandler)
    [Anonymous Symbol]                       0x080036dc   Section        0  tim.o(.text.HAL_TIM_MspPostInit)
    [Anonymous Symbol]                       0x080037ec   Section        0  stm32f4xx_hal_tim.o(.text.HAL_TIM_OC_ConfigChannel)
    [Anonymous Symbol]                       0x08003890   Section        0  stm32f4xx_hal_tim.o(.text.HAL_TIM_OC_DelayElapsedCallback)
    [Anonymous Symbol]                       0x08003898   Section        0  stm32f4xx_hal_tim.o(.text.HAL_TIM_OC_Init)
    [Anonymous Symbol]                       0x08003934   Section        0  stm32f4xx_hal_tim.o(.text.HAL_TIM_OC_MspInit)
    [Anonymous Symbol]                       0x0800393c   Section        0  stm32f4xx_hal_tim.o(.text.HAL_TIM_PWM_ConfigChannel)
    [Anonymous Symbol]                       0x08003a80   Section        0  stm32f4xx_hal_tim.o(.text.HAL_TIM_PWM_Init)
    [Anonymous Symbol]                       0x08003b1c   Section        0  stm32f4xx_hal_tim.o(.text.HAL_TIM_PWM_MspInit)
    [Anonymous Symbol]                       0x08003b24   Section        0  stm32f4xx_hal_tim.o(.text.HAL_TIM_PWM_PulseFinishedCallback)
    [Anonymous Symbol]                       0x08003b2c   Section        0  stm32f4xx_hal_tim.o(.text.HAL_TIM_PWM_Start)
    [Anonymous Symbol]                       0x08003cf8   Section        0  stm32f4xx_hal_tim.o(.text.HAL_TIM_PeriodElapsedCallback)
    [Anonymous Symbol]                       0x08003d00   Section        0  stm32f4xx_hal_tim.o(.text.HAL_TIM_SlaveConfigSynchro)
    [Anonymous Symbol]                       0x08003d98   Section        0  stm32f4xx_hal_tim.o(.text.HAL_TIM_TriggerCallback)
    [Anonymous Symbol]                       0x08003da0   Section        0  stm32f4xx_hal_uart.o(.text.HAL_UART_Init)
    [Anonymous Symbol]                       0x08003e40   Section        0  usart.o(.text.HAL_UART_MspInit)
    [Anonymous Symbol]                       0x08003ed0   Section        0  stm32f4xx_hal_uart.o(.text.HAL_UART_Transmit)
    [Anonymous Symbol]                       0x08004000   Section        0  stm32f4xx_it.o(.text.HardFault_Handler)
    [Anonymous Symbol]                       0x08004008   Section        0  ltc2664.o(.text.LTC2664_voltage_to_code)
    [Anonymous Symbol]                       0x08004170   Section        0  ltc2664.o(.text.LTC2664_write)
    [Anonymous Symbol]                       0x080042b8   Section        0  ltc2664.o(.text.LTC2664_write_command)
    [Anonymous Symbol]                       0x080043e8   Section        0  dma.o(.text.MX_DMA_Init)
    [Anonymous Symbol]                       0x08004484   Section        0  gpio.o(.text.MX_GPIO_Init)
    [Anonymous Symbol]                       0x08004880   Section        0  spi.o(.text.MX_SPI1_Init)
    [Anonymous Symbol]                       0x080048d4   Section        0  spi.o(.text.MX_SPI4_Init)
    [Anonymous Symbol]                       0x0800491c   Section        0  spi.o(.text.MX_SPI5_Init)
    [Anonymous Symbol]                       0x0800496c   Section        0  spi.o(.text.MX_SPI6_Init)
    [Anonymous Symbol]                       0x080049bc   Section        0  tim.o(.text.MX_TIM2_Init)
    [Anonymous Symbol]                       0x08004a8c   Section        0  tim.o(.text.MX_TIM3_Init)
    [Anonymous Symbol]                       0x08004b50   Section        0  tim.o(.text.MX_TIM9_Init)
    [Anonymous Symbol]                       0x08004c14   Section        0  usart.o(.text.MX_UART8_Init)
    [Anonymous Symbol]                       0x08004c54   Section        0  stm32f4xx_it.o(.text.MemManage_Handler)
    [Anonymous Symbol]                       0x08004c58   Section        0  stm32f4xx_it.o(.text.NMI_Handler)
    NVIC_EncodePriority                      0x08004c5d   Thumb Code   108  stm32f4xx_hal_cortex.o(.text.NVIC_EncodePriority)
    [Anonymous Symbol]                       0x08004c5c   Section        0  stm32f4xx_hal_cortex.o(.text.NVIC_EncodePriority)
    [Anonymous Symbol]                       0x08004cc8   Section        0  stm32f4xx_it.o(.text.RTC_Alarm_IRQHandler)
    [Anonymous Symbol]                       0x08004cd8   Section        0  stm32f4xx_it.o(.text.RTC_WKUP_IRQHandler)
    [Anonymous Symbol]                       0x08004ce8   Section        0  stm32f4xx_it.o(.text.SPI1_IRQHandler)
    [Anonymous Symbol]                       0x08004cf8   Section        0  stm32f4xx_it.o(.text.SPI4_IRQHandler)
    [Anonymous Symbol]                       0x08004d08   Section        0  stm32f4xx_it.o(.text.SPI5_IRQHandler)
    [Anonymous Symbol]                       0x08004d18   Section        0  stm32f4xx_it.o(.text.SPI6_IRQHandler)
    SPI_DMAAbortOnError                      0x08004d29   Thumb Code    32  stm32f4xx_hal_spi.o(.text.SPI_DMAAbortOnError)
    [Anonymous Symbol]                       0x08004d28   Section        0  stm32f4xx_hal_spi.o(.text.SPI_DMAAbortOnError)
    SPI_DMAError                             0x08004d49   Thumb Code    52  stm32f4xx_hal_spi.o(.text.SPI_DMAError)
    [Anonymous Symbol]                       0x08004d48   Section        0  stm32f4xx_hal_spi.o(.text.SPI_DMAError)
    SPI_DMAHalfReceiveCplt                   0x08004d7d   Thumb Code    22  stm32f4xx_hal_spi.o(.text.SPI_DMAHalfReceiveCplt)
    [Anonymous Symbol]                       0x08004d7c   Section        0  stm32f4xx_hal_spi.o(.text.SPI_DMAHalfReceiveCplt)
    SPI_DMAHalfTransmitReceiveCplt           0x08004d95   Thumb Code    22  stm32f4xx_hal_spi.o(.text.SPI_DMAHalfTransmitReceiveCplt)
    [Anonymous Symbol]                       0x08004d94   Section        0  stm32f4xx_hal_spi.o(.text.SPI_DMAHalfTransmitReceiveCplt)
    SPI_DMAReceiveCplt                       0x08004dad   Thumb Code   162  stm32f4xx_hal_spi.o(.text.SPI_DMAReceiveCplt)
    [Anonymous Symbol]                       0x08004dac   Section        0  stm32f4xx_hal_spi.o(.text.SPI_DMAReceiveCplt)
    SPI_DMATransmitReceiveCplt               0x08004e51   Thumb Code   134  stm32f4xx_hal_spi.o(.text.SPI_DMATransmitReceiveCplt)
    [Anonymous Symbol]                       0x08004e50   Section        0  stm32f4xx_hal_spi.o(.text.SPI_DMATransmitReceiveCplt)
    SPI_EndRxTransaction                     0x08004ed9   Thumb Code   228  stm32f4xx_hal_spi.o(.text.SPI_EndRxTransaction)
    [Anonymous Symbol]                       0x08004ed8   Section        0  stm32f4xx_hal_spi.o(.text.SPI_EndRxTransaction)
    SPI_EndRxTxTransaction                   0x08004fbd   Thumb Code   204  stm32f4xx_hal_spi.o(.text.SPI_EndRxTxTransaction)
    [Anonymous Symbol]                       0x08004fbc   Section        0  stm32f4xx_hal_spi.o(.text.SPI_EndRxTxTransaction)
    SPI_WaitFlagStateUntilTimeout            0x08005089   Thumb Code   298  stm32f4xx_hal_spi.o(.text.SPI_WaitFlagStateUntilTimeout)
    [Anonymous Symbol]                       0x08005088   Section        0  stm32f4xx_hal_spi.o(.text.SPI_WaitFlagStateUntilTimeout)
    SysTick_Config                           0x080051b5   Thumb Code    82  stm32f4xx_hal_cortex.o(.text.SysTick_Config)
    [Anonymous Symbol]                       0x080051b4   Section        0  stm32f4xx_hal_cortex.o(.text.SysTick_Config)
    [Anonymous Symbol]                       0x08005208   Section        0  main.o(.text.SysTick_Handler)
    [Anonymous Symbol]                       0x08005210   Section        0  main.o(.text.SystemClock_Config)
    [Anonymous Symbol]                       0x080052d0   Section        0  system_stm32f4xx.o(.text.SystemInit)
    [Anonymous Symbol]                       0x080052e4   Section        0  stm32f4xx_it.o(.text.TIM2_IRQHandler)
    [Anonymous Symbol]                       0x080052f4   Section        0  stm32f4xx_hal_tim.o(.text.TIM_Base_SetConfig)
    [Anonymous Symbol]                       0x080054a4   Section        0  stm32f4xx_hal_tim.o(.text.TIM_CCxChannelCmd)
    [Anonymous Symbol]                       0x080054dc   Section        0  stm32f4xx_hal_tim.o(.text.TIM_ETR_SetConfig)
    TIM_OC1_SetConfig                        0x08005511   Thumb Code   234  stm32f4xx_hal_tim.o(.text.TIM_OC1_SetConfig)
    [Anonymous Symbol]                       0x08005510   Section        0  stm32f4xx_hal_tim.o(.text.TIM_OC1_SetConfig)
    [Anonymous Symbol]                       0x080055fc   Section        0  stm32f4xx_hal_tim.o(.text.TIM_OC2_SetConfig)
    TIM_OC3_SetConfig                        0x080056f1   Thumb Code   242  stm32f4xx_hal_tim.o(.text.TIM_OC3_SetConfig)
    [Anonymous Symbol]                       0x080056f0   Section        0  stm32f4xx_hal_tim.o(.text.TIM_OC3_SetConfig)
    TIM_OC4_SetConfig                        0x080057e5   Thumb Code   164  stm32f4xx_hal_tim.o(.text.TIM_OC4_SetConfig)
    [Anonymous Symbol]                       0x080057e4   Section        0  stm32f4xx_hal_tim.o(.text.TIM_OC4_SetConfig)
    TIM_SlaveTimer_SetConfig                 0x08005889   Thumb Code   296  stm32f4xx_hal_tim.o(.text.TIM_SlaveTimer_SetConfig)
    [Anonymous Symbol]                       0x08005888   Section        0  stm32f4xx_hal_tim.o(.text.TIM_SlaveTimer_SetConfig)
    TIM_TI1_ConfigInputStage                 0x080059b1   Thumb Code    80  stm32f4xx_hal_tim.o(.text.TIM_TI1_ConfigInputStage)
    [Anonymous Symbol]                       0x080059b0   Section        0  stm32f4xx_hal_tim.o(.text.TIM_TI1_ConfigInputStage)
    TIM_TI2_ConfigInputStage                 0x08005a01   Thumb Code    82  stm32f4xx_hal_tim.o(.text.TIM_TI2_ConfigInputStage)
    [Anonymous Symbol]                       0x08005a00   Section        0  stm32f4xx_hal_tim.o(.text.TIM_TI2_ConfigInputStage)
    UART_EndRxTransfer                       0x08005a55   Thumb Code   148  stm32f4xx_hal_uart.o(.text.UART_EndRxTransfer)
    [Anonymous Symbol]                       0x08005a54   Section        0  stm32f4xx_hal_uart.o(.text.UART_EndRxTransfer)
    UART_SetConfig                           0x08005ae9   Thumb Code   314  stm32f4xx_hal_uart.o(.text.UART_SetConfig)
    [Anonymous Symbol]                       0x08005ae8   Section        0  stm32f4xx_hal_uart.o(.text.UART_SetConfig)
    UART_WaitOnFlagUntilTimeout              0x08005c25   Thumb Code   218  stm32f4xx_hal_uart.o(.text.UART_WaitOnFlagUntilTimeout)
    [Anonymous Symbol]                       0x08005c24   Section        0  stm32f4xx_hal_uart.o(.text.UART_WaitOnFlagUntilTimeout)
    [Anonymous Symbol]                       0x08005d00   Section        0  stm32f4xx_it.o(.text.UsageFault_Handler)
    __NVIC_EnableIRQ                         0x08005d05   Thumb Code    48  stm32f4xx_hal_cortex.o(.text.__NVIC_EnableIRQ)
    [Anonymous Symbol]                       0x08005d04   Section        0  stm32f4xx_hal_cortex.o(.text.__NVIC_EnableIRQ)
    __NVIC_GetPriorityGrouping               0x08005d35   Thumb Code    16  stm32f4xx_hal_cortex.o(.text.__NVIC_GetPriorityGrouping)
    [Anonymous Symbol]                       0x08005d34   Section        0  stm32f4xx_hal_cortex.o(.text.__NVIC_GetPriorityGrouping)
    __NVIC_SetPriority                       0x08005d45   Thumb Code    66  stm32f4xx_hal_cortex.o(.text.__NVIC_SetPriority)
    [Anonymous Symbol]                       0x08005d44   Section        0  stm32f4xx_hal_cortex.o(.text.__NVIC_SetPriority)
    __NVIC_SetPriorityGrouping               0x08005d89   Thumb Code    60  stm32f4xx_hal_cortex.o(.text.__NVIC_SetPriorityGrouping)
    [Anonymous Symbol]                       0x08005d88   Section        0  stm32f4xx_hal_cortex.o(.text.__NVIC_SetPriorityGrouping)
    [Anonymous Symbol]                       0x08005dc4   Section        0  ad7768.o(.text.ad7768_gain_set)
    [Anonymous Symbol]                       0x08005e2c   Section        0  ad7768.o(.text.ad7768_offset_set)
    [Anonymous Symbol]                       0x08005e94   Section        0  ad7768.o(.text.ad7768_read_cmd)
    [Anonymous Symbol]                       0x08005f28   Section        0  ad7768.o(.text.add7768_write_cmd)
    [Anonymous Symbol]                       0x08005f88   Section        0  debug.o(.text.fputc)
    [Anonymous Symbol]                       0x08005fb0   Section        0  main.o(.text.main)
    [Anonymous Symbol]                       0x0800632c   Section        0  ad7768.o(.text.my_ad7768_init)
    [Anonymous Symbol]                       0x08006440   Section        0  ad7768.o(.text.offsetCalibration)
    [Anonymous Symbol]                       0x08006770   Section        0  ltc2664.o(.text.set_opa)
    i.__0printf                              0x080068d0   Section        0  printfa.o(i.__0printf)
    i.__hardfp_ceil                          0x080068f0   Section        0  ceil.o(i.__hardfp_ceil)
    i.__hardfp_floor                         0x08006a08   Section        0  floor.o(i.__hardfp_floor)
    i.__hardfp_sqrt                          0x08006b20   Section        0  sqrt.o(i.__hardfp_sqrt)
    i.__scatterload_copy                     0x08006b9a   Section       14  handlers.o(i.__scatterload_copy)
    i.__scatterload_null                     0x08006ba8   Section        2  handlers.o(i.__scatterload_null)
    i.__scatterload_zeroinit                 0x08006baa   Section       14  handlers.o(i.__scatterload_zeroinit)
    i.__set_errno                            0x08006bb8   Section        0  errno.o(i.__set_errno)
    _fp_digits                               0x08006bc5   Thumb Code   366  printfa.o(i._fp_digits)
    i._fp_digits                             0x08006bc4   Section        0  printfa.o(i._fp_digits)
    _printf_core                             0x08006d49   Thumb Code  1744  printfa.o(i._printf_core)
    i._printf_core                           0x08006d48   Section        0  printfa.o(i._printf_core)
    _printf_post_padding                     0x08007425   Thumb Code    36  printfa.o(i._printf_post_padding)
    i._printf_post_padding                   0x08007424   Section        0  printfa.o(i._printf_post_padding)
    _printf_pre_padding                      0x08007449   Thumb Code    46  printfa.o(i._printf_pre_padding)
    i._printf_pre_padding                    0x08007448   Section        0  printfa.o(i._printf_pre_padding)
    DMA_CalcBaseAndBitshift.flagBitshiftOffset 0x0800748e   Data           8  stm32f4xx_hal_dma.o(.rodata.DMA_CalcBaseAndBitshift.flagBitshiftOffset)
    [Anonymous Symbol]                       0x0800748e   Section        0  stm32f4xx_hal_dma.o(.rodata.DMA_CalcBaseAndBitshift.flagBitshiftOffset)
    .L.str                                   0x080074c0   Data          15  main.o(.rodata.str1.1)
    [Anonymous Symbol]                       0x080074c0   Section        0  main.o(.rodata.str1.1)
    .L.str.2                                 0x080074cf   Data           7  main.o(.rodata.str1.1)
    .L.str.3                                 0x080074d6   Data           9  main.o(.rodata.str1.1)
    .L.str.1                                 0x080074df   Data           5  main.o(.rodata.str1.1)
    .L.str.1                                 0x080074e4   Data          18  ad7768.o(.rodata.str1.1)
    [Anonymous Symbol]                       0x080074e4   Section        0  ad7768.o(.rodata.str1.1)
    .L.str                                   0x080074f6   Data          20  ad7768.o(.rodata.str1.1)
    .L.str.4                                 0x0800750a   Data          22  ad7768.o(.rodata.str1.1)
    .L.str.3                                 0x08007520   Data          17  ad7768.o(.rodata.str1.1)
    .L.str.5                                 0x08007531   Data          20  ad7768.o(.rodata.str1.1)
    .L.str.2                                 0x08007545   Data          10  ad7768.o(.rodata.str1.1)
    .L.str                                   0x0800754f   Data          46  ltc2664.o(.rodata.str1.1)
    [Anonymous Symbol]                       0x0800754f   Section        0  ltc2664.o(.rodata.str1.1)
    .L.str.1                                 0x0800757d   Data         120  ltc2664.o(.rodata.str1.1)
    .data                                    0x20000000   Section        4  stdout.o(.data)
    _errno                                   0x20000004   Data           4  errno.o(.data)
    .data                                    0x20000004   Section        4  errno.o(.data)
    LTC2664_write.last_data_array            0x20000018   Data           3  ltc2664.o(.bss.LTC2664_write.last_data_array)
    [Anonymous Symbol]                       0x20000018   Section        0  ltc2664.o(.bss.LTC2664_write.last_data_array)
    LTC2664_write_command.last_data_array    0x2000001b   Data           3  ltc2664.o(.bss.LTC2664_write_command.last_data_array)
    [Anonymous Symbol]                       0x2000001b   Section        0  ltc2664.o(.bss.LTC2664_write_command.last_data_array)
    STACK                                    0x20001640   Section     1024  startup_stm32f427xx.o(STACK)

    Global Symbols

    Symbol Name                              Value     Ov Type        Size  Object(Section)

    BuildAttributes$$THM_ISAv4$E$P$D$K$B$S$7EM$VFPi3$EXTD16$VFPS$VFMA$PE$A:L22UL41UL21$X:L11$S22US41US21$IEEE1$IW$~IW$USESV6$~STKCKD$USESV7$~SHL$OTIME$ROPI$IEEEJ$EBA8$MICROLIB$REQ8$PRES8$EABIv2 0x00000000   Number         0  anon$$obj.o ABSOLUTE
    __cpp_initialize__aeabi_                  - Undefined Weak Reference
    __cxa_finalize                            - Undefined Weak Reference
    __decompress                              - Undefined Weak Reference
    _clock_init                               - Undefined Weak Reference
    _microlib_exit                            - Undefined Weak Reference
    __Vectors_Size                           0x000001ac   Number         0  startup_stm32f427xx.o ABSOLUTE
    __Vectors                                0x08000000   Data           4  startup_stm32f427xx.o(RESET)
    __Vectors_End                            0x080001ac   Data           0  startup_stm32f427xx.o(RESET)
    __main                                   0x080001ad   Thumb Code     0  entry.o(.ARM.Collect$$$$00000000)
    _main_stk                                0x080001ad   Thumb Code     0  entry2.o(.ARM.Collect$$$$00000001)
    _main_scatterload                        0x080001b1   Thumb Code     0  entry5.o(.ARM.Collect$$$$00000004)
    __main_after_scatterload                 0x080001b5   Thumb Code     0  entry5.o(.ARM.Collect$$$$00000004)
    _main_clock                              0x080001b5   Thumb Code     0  entry7b.o(.ARM.Collect$$$$00000008)
    _main_cpp_init                           0x080001b5   Thumb Code     0  entry8b.o(.ARM.Collect$$$$0000000A)
    _main_init                               0x080001b5   Thumb Code     0  entry9a.o(.ARM.Collect$$$$0000000B)
    __rt_final_cpp                           0x080001bd   Thumb Code     0  entry10a.o(.ARM.Collect$$$$0000000D)
    __rt_final_exit                          0x080001bd   Thumb Code     0  entry11a.o(.ARM.Collect$$$$0000000F)
    Reset_Handler                            0x080001c1   Thumb Code     8  startup_stm32f427xx.o(.text)
    SVC_Handler                              0x080001d3   Thumb Code     2  startup_stm32f427xx.o(.text)
    PendSV_Handler                           0x080001d7   Thumb Code     2  startup_stm32f427xx.o(.text)
    ADC_IRQHandler                           0x080001db   Thumb Code     0  startup_stm32f427xx.o(.text)
    CAN1_RX0_IRQHandler                      0x080001db   Thumb Code     0  startup_stm32f427xx.o(.text)
    CAN1_RX1_IRQHandler                      0x080001db   Thumb Code     0  startup_stm32f427xx.o(.text)
    CAN1_SCE_IRQHandler                      0x080001db   Thumb Code     0  startup_stm32f427xx.o(.text)
    CAN1_TX_IRQHandler                       0x080001db   Thumb Code     0  startup_stm32f427xx.o(.text)
    CAN2_RX0_IRQHandler                      0x080001db   Thumb Code     0  startup_stm32f427xx.o(.text)
    CAN2_RX1_IRQHandler                      0x080001db   Thumb Code     0  startup_stm32f427xx.o(.text)
    CAN2_SCE_IRQHandler                      0x080001db   Thumb Code     0  startup_stm32f427xx.o(.text)
    CAN2_TX_IRQHandler                       0x080001db   Thumb Code     0  startup_stm32f427xx.o(.text)
    DCMI_IRQHandler                          0x080001db   Thumb Code     0  startup_stm32f427xx.o(.text)
    DMA1_Stream0_IRQHandler                  0x080001db   Thumb Code     0  startup_stm32f427xx.o(.text)
    DMA1_Stream1_IRQHandler                  0x080001db   Thumb Code     0  startup_stm32f427xx.o(.text)
    DMA1_Stream2_IRQHandler                  0x080001db   Thumb Code     0  startup_stm32f427xx.o(.text)
    DMA1_Stream3_IRQHandler                  0x080001db   Thumb Code     0  startup_stm32f427xx.o(.text)
    DMA1_Stream4_IRQHandler                  0x080001db   Thumb Code     0  startup_stm32f427xx.o(.text)
    DMA1_Stream5_IRQHandler                  0x080001db   Thumb Code     0  startup_stm32f427xx.o(.text)
    DMA1_Stream6_IRQHandler                  0x080001db   Thumb Code     0  startup_stm32f427xx.o(.text)
    DMA1_Stream7_IRQHandler                  0x080001db   Thumb Code     0  startup_stm32f427xx.o(.text)
    DMA2D_IRQHandler                         0x080001db   Thumb Code     0  startup_stm32f427xx.o(.text)
    DMA2_Stream2_IRQHandler                  0x080001db   Thumb Code     0  startup_stm32f427xx.o(.text)
    DMA2_Stream3_IRQHandler                  0x080001db   Thumb Code     0  startup_stm32f427xx.o(.text)
    DMA2_Stream6_IRQHandler                  0x080001db   Thumb Code     0  startup_stm32f427xx.o(.text)
    DMA2_Stream7_IRQHandler                  0x080001db   Thumb Code     0  startup_stm32f427xx.o(.text)
    ETH_IRQHandler                           0x080001db   Thumb Code     0  startup_stm32f427xx.o(.text)
    ETH_WKUP_IRQHandler                      0x080001db   Thumb Code     0  startup_stm32f427xx.o(.text)
    EXTI0_IRQHandler                         0x080001db   Thumb Code     0  startup_stm32f427xx.o(.text)
    EXTI15_10_IRQHandler                     0x080001db   Thumb Code     0  startup_stm32f427xx.o(.text)
    EXTI1_IRQHandler                         0x080001db   Thumb Code     0  startup_stm32f427xx.o(.text)
    EXTI2_IRQHandler                         0x080001db   Thumb Code     0  startup_stm32f427xx.o(.text)
    EXTI3_IRQHandler                         0x080001db   Thumb Code     0  startup_stm32f427xx.o(.text)
    EXTI4_IRQHandler                         0x080001db   Thumb Code     0  startup_stm32f427xx.o(.text)
    EXTI9_5_IRQHandler                       0x080001db   Thumb Code     0  startup_stm32f427xx.o(.text)
    FLASH_IRQHandler                         0x080001db   Thumb Code     0  startup_stm32f427xx.o(.text)
    FMC_IRQHandler                           0x080001db   Thumb Code     0  startup_stm32f427xx.o(.text)
    FPU_IRQHandler                           0x080001db   Thumb Code     0  startup_stm32f427xx.o(.text)
    HASH_RNG_IRQHandler                      0x080001db   Thumb Code     0  startup_stm32f427xx.o(.text)
    I2C1_ER_IRQHandler                       0x080001db   Thumb Code     0  startup_stm32f427xx.o(.text)
    I2C1_EV_IRQHandler                       0x080001db   Thumb Code     0  startup_stm32f427xx.o(.text)
    I2C2_ER_IRQHandler                       0x080001db   Thumb Code     0  startup_stm32f427xx.o(.text)
    I2C2_EV_IRQHandler                       0x080001db   Thumb Code     0  startup_stm32f427xx.o(.text)
    I2C3_ER_IRQHandler                       0x080001db   Thumb Code     0  startup_stm32f427xx.o(.text)
    I2C3_EV_IRQHandler                       0x080001db   Thumb Code     0  startup_stm32f427xx.o(.text)
    OTG_FS_IRQHandler                        0x080001db   Thumb Code     0  startup_stm32f427xx.o(.text)
    OTG_FS_WKUP_IRQHandler                   0x080001db   Thumb Code     0  startup_stm32f427xx.o(.text)
    OTG_HS_EP1_IN_IRQHandler                 0x080001db   Thumb Code     0  startup_stm32f427xx.o(.text)
    OTG_HS_EP1_OUT_IRQHandler                0x080001db   Thumb Code     0  startup_stm32f427xx.o(.text)
    OTG_HS_IRQHandler                        0x080001db   Thumb Code     0  startup_stm32f427xx.o(.text)
    OTG_HS_WKUP_IRQHandler                   0x080001db   Thumb Code     0  startup_stm32f427xx.o(.text)
    PVD_IRQHandler                           0x080001db   Thumb Code     0  startup_stm32f427xx.o(.text)
    RCC_IRQHandler                           0x080001db   Thumb Code     0  startup_stm32f427xx.o(.text)
    SAI1_IRQHandler                          0x080001db   Thumb Code     0  startup_stm32f427xx.o(.text)
    SDIO_IRQHandler                          0x080001db   Thumb Code     0  startup_stm32f427xx.o(.text)
    SPI2_IRQHandler                          0x080001db   Thumb Code     0  startup_stm32f427xx.o(.text)
    SPI3_IRQHandler                          0x080001db   Thumb Code     0  startup_stm32f427xx.o(.text)
    TAMP_STAMP_IRQHandler                    0x080001db   Thumb Code     0  startup_stm32f427xx.o(.text)
    TIM1_BRK_TIM9_IRQHandler                 0x080001db   Thumb Code     0  startup_stm32f427xx.o(.text)
    TIM1_CC_IRQHandler                       0x080001db   Thumb Code     0  startup_stm32f427xx.o(.text)
    TIM1_TRG_COM_TIM11_IRQHandler            0x080001db   Thumb Code     0  startup_stm32f427xx.o(.text)
    TIM1_UP_TIM10_IRQHandler                 0x080001db   Thumb Code     0  startup_stm32f427xx.o(.text)
    TIM3_IRQHandler                          0x080001db   Thumb Code     0  startup_stm32f427xx.o(.text)
    TIM4_IRQHandler                          0x080001db   Thumb Code     0  startup_stm32f427xx.o(.text)
    TIM5_IRQHandler                          0x080001db   Thumb Code     0  startup_stm32f427xx.o(.text)
    TIM6_DAC_IRQHandler                      0x080001db   Thumb Code     0  startup_stm32f427xx.o(.text)
    TIM7_IRQHandler                          0x080001db   Thumb Code     0  startup_stm32f427xx.o(.text)
    TIM8_BRK_TIM12_IRQHandler                0x080001db   Thumb Code     0  startup_stm32f427xx.o(.text)
    TIM8_CC_IRQHandler                       0x080001db   Thumb Code     0  startup_stm32f427xx.o(.text)
    TIM8_TRG_COM_TIM14_IRQHandler            0x080001db   Thumb Code     0  startup_stm32f427xx.o(.text)
    TIM8_UP_TIM13_IRQHandler                 0x080001db   Thumb Code     0  startup_stm32f427xx.o(.text)
    UART4_IRQHandler                         0x080001db   Thumb Code     0  startup_stm32f427xx.o(.text)
    UART5_IRQHandler                         0x080001db   Thumb Code     0  startup_stm32f427xx.o(.text)
    UART7_IRQHandler                         0x080001db   Thumb Code     0  startup_stm32f427xx.o(.text)
    UART8_IRQHandler                         0x080001db   Thumb Code     0  startup_stm32f427xx.o(.text)
    USART1_IRQHandler                        0x080001db   Thumb Code     0  startup_stm32f427xx.o(.text)
    USART2_IRQHandler                        0x080001db   Thumb Code     0  startup_stm32f427xx.o(.text)
    USART3_IRQHandler                        0x080001db   Thumb Code     0  startup_stm32f427xx.o(.text)
    USART6_IRQHandler                        0x080001db   Thumb Code     0  startup_stm32f427xx.o(.text)
    WWDG_IRQHandler                          0x080001db   Thumb Code     0  startup_stm32f427xx.o(.text)
    __aeabi_uldivmod                         0x080001e5   Thumb Code    98  uldiv.o(.text)
    __aeabi_ldivmod                          0x08000247   Thumb Code    98  ldiv.o(.text)
    __aeabi_memset                           0x080002a9   Thumb Code    14  memseta.o(.text)
    __aeabi_memset4                          0x080002a9   Thumb Code     0  memseta.o(.text)
    __aeabi_memset8                          0x080002a9   Thumb Code     0  memseta.o(.text)
    __aeabi_memclr                           0x080002b7   Thumb Code     4  memseta.o(.text)
    __aeabi_memclr4                          0x080002b7   Thumb Code     0  memseta.o(.text)
    __aeabi_memclr8                          0x080002b7   Thumb Code     0  memseta.o(.text)
    _memset$wrapper                          0x080002bb   Thumb Code    18  memseta.o(.text)
    __aeabi_dadd                             0x080002cd   Thumb Code   322  dadd.o(.text)
    __aeabi_dsub                             0x0800040f   Thumb Code     6  dadd.o(.text)
    __aeabi_drsub                            0x08000415   Thumb Code     6  dadd.o(.text)
    __aeabi_dmul                             0x0800041b   Thumb Code   228  dmul.o(.text)
    __aeabi_ddiv                             0x080004ff   Thumb Code   222  ddiv.o(.text)
    __aeabi_dcmple                           0x080005dd   Thumb Code    54  dcmple.o(.text)
    __aeabi_dcmpge                           0x08000613   Thumb Code    54  dcmpge.o(.text)
    __aeabi_l2d                              0x08000649   Thumb Code    40  dfltl.o(.text)
    __aeabi_ul2d                             0x08000671   Thumb Code    24  dfltul.o(.text)
    __aeabi_d2uiz                            0x08000689   Thumb Code    50  dfixui.o(.text)
    __aeabi_f2d                              0x080006bb   Thumb Code    38  f2d.o(.text)
    __aeabi_d2f                              0x080006e1   Thumb Code    56  d2f.o(.text)
    __aeabi_uidiv                            0x08000719   Thumb Code     0  uidiv.o(.text)
    __aeabi_uidivmod                         0x08000719   Thumb Code    44  uidiv.o(.text)
    __aeabi_llsl                             0x08000745   Thumb Code    30  llshl.o(.text)
    _ll_shift_l                              0x08000745   Thumb Code     0  llshl.o(.text)
    __aeabi_llsr                             0x08000763   Thumb Code    32  llushr.o(.text)
    _ll_ushift_r                             0x08000763   Thumb Code     0  llushr.o(.text)
    __aeabi_lasr                             0x08000783   Thumb Code    36  llsshr.o(.text)
    _ll_sshift_r                             0x08000783   Thumb Code     0  llsshr.o(.text)
    __I$use$fp                               0x080007a7   Thumb Code     0  iusefp.o(.text)
    _float_round                             0x080007a7   Thumb Code    18  fepilogue.o(.text)
    _float_epilogue                          0x080007b9   Thumb Code    92  fepilogue.o(.text)
    _double_round                            0x08000815   Thumb Code    30  depilogue.o(.text)
    _double_epilogue                         0x08000833   Thumb Code   156  depilogue.o(.text)
    _dsqrt                                   0x080008cf   Thumb Code   162  dsqrt.o(.text)
    __aeabi_d2ulz                            0x08000971   Thumb Code    48  dfixul.o(.text)
    __aeabi_cdrcmple                         0x080009a1   Thumb Code    48  cdrcmple.o(.text)
    __scatterload                            0x080009d1   Thumb Code    28  init.o(.text)
    __scatterload_rt2                        0x080009d1   Thumb Code     0  init.o(.text)
    BusFault_Handler                         0x080009f5   Thumb Code     4  stm32f4xx_it.o(.text.BusFault_Handler)
    DMA2_Stream0_IRQHandler                  0x080009f9   Thumb Code    16  stm32f4xx_it.o(.text.DMA2_Stream0_IRQHandler)
    DMA2_Stream1_IRQHandler                  0x08000a09   Thumb Code    16  stm32f4xx_it.o(.text.DMA2_Stream1_IRQHandler)
    DMA2_Stream4_IRQHandler                  0x08000a19   Thumb Code    16  stm32f4xx_it.o(.text.DMA2_Stream4_IRQHandler)
    DMA2_Stream5_IRQHandler                  0x08000a29   Thumb Code    16  stm32f4xx_it.o(.text.DMA2_Stream5_IRQHandler)
    DebugMon_Handler                         0x08000bd1   Thumb Code     2  stm32f4xx_it.o(.text.DebugMon_Handler)
    Error_Handler                            0x08000bd5   Thumb Code     6  main.o(.text.Error_Handler)
    Fill_reg_List                            0x08000bdd   Thumb Code    90  ad7768.o(.text.Fill_reg_List)
    HAL_DMA_Abort_IT                         0x08000c39   Thumb Code    68  stm32f4xx_hal_dma.o(.text.HAL_DMA_Abort_IT)
    HAL_DMA_IRQHandler                       0x08000c7d   Thumb Code   798  stm32f4xx_hal_dma.o(.text.HAL_DMA_IRQHandler)
    HAL_DMA_Init                             0x08000f9d   Thumb Code   366  stm32f4xx_hal_dma.o(.text.HAL_DMA_Init)
    HAL_DMA_Start_IT                         0x0800110d   Thumb Code   194  stm32f4xx_hal_dma.o(.text.HAL_DMA_Start_IT)
    HAL_Delay                                0x080011d1   Thumb Code    66  stm32f4xx_hal.o(.text.HAL_Delay)
    HAL_GPIO_Init                            0x08001215   Thumb Code  1006  stm32f4xx_hal_gpio.o(.text.HAL_GPIO_Init)
    HAL_GPIO_WritePin                        0x08001605   Thumb Code    46  stm32f4xx_hal_gpio.o(.text.HAL_GPIO_WritePin)
    HAL_GetTick                              0x08001635   Thumb Code    12  stm32f4xx_hal.o(.text.HAL_GetTick)
    HAL_IncTick                              0x08001641   Thumb Code    26  stm32f4xx_hal.o(.text.HAL_IncTick)
    HAL_Init                                 0x0800165d   Thumb Code    54  stm32f4xx_hal.o(.text.HAL_Init)
    HAL_InitTick                             0x08001695   Thumb Code   112  stm32f4xx_hal.o(.text.HAL_InitTick)
    HAL_MspInit                              0x08001705   Thumb Code    74  stm32f4xx_hal_msp.o(.text.HAL_MspInit)
    HAL_NVIC_EnableIRQ                       0x08001751   Thumb Code    20  stm32f4xx_hal_cortex.o(.text.HAL_NVIC_EnableIRQ)
    HAL_NVIC_SetPriority                     0x08001765   Thumb Code    50  stm32f4xx_hal_cortex.o(.text.HAL_NVIC_SetPriority)
    HAL_NVIC_SetPriorityGrouping             0x08001799   Thumb Code    16  stm32f4xx_hal_cortex.o(.text.HAL_NVIC_SetPriorityGrouping)
    HAL_RCC_ClockConfig                      0x080017a9   Thumb Code   610  stm32f4xx_hal_rcc.o(.text.HAL_RCC_ClockConfig)
    HAL_RCC_GetHCLKFreq                      0x08001a0d   Thumb Code    12  stm32f4xx_hal_rcc.o(.text.HAL_RCC_GetHCLKFreq)
    HAL_RCC_GetPCLK1Freq                     0x08001a19   Thumb Code    34  stm32f4xx_hal_rcc.o(.text.HAL_RCC_GetPCLK1Freq)
    HAL_RCC_GetPCLK2Freq                     0x08001a3d   Thumb Code    34  stm32f4xx_hal_rcc.o(.text.HAL_RCC_GetPCLK2Freq)
    HAL_RCC_GetSysClockFreq                  0x08001a61   Thumb Code   222  stm32f4xx_hal_rcc.o(.text.HAL_RCC_GetSysClockFreq)
    HAL_RCC_OscConfig                        0x08001b41   Thumb Code  1726  stm32f4xx_hal_rcc.o(.text.HAL_RCC_OscConfig)
    HAL_RTCEx_AlarmBEventCallback            0x08002201   Thumb Code     8  stm32f4xx_hal_rtc_ex.o(.text.HAL_RTCEx_AlarmBEventCallback)
    HAL_RTCEx_WakeUpTimerEventCallback       0x08002209   Thumb Code     8  stm32f4xx_hal_rtc_ex.o(.text.HAL_RTCEx_WakeUpTimerEventCallback)
    HAL_RTCEx_WakeUpTimerIRQHandler          0x08002211   Thumb Code    78  stm32f4xx_hal_rtc_ex.o(.text.HAL_RTCEx_WakeUpTimerIRQHandler)
    HAL_RTC_AlarmAEventCallback              0x08002261   Thumb Code     8  stm32f4xx_hal_rtc.o(.text.HAL_RTC_AlarmAEventCallback)
    HAL_RTC_AlarmIRQHandler                  0x08002269   Thumb Code   170  stm32f4xx_hal_rtc.o(.text.HAL_RTC_AlarmIRQHandler)
    HAL_SPI_ErrorCallback                    0x08002315   Thumb Code     8  stm32f4xx_hal_spi.o(.text.HAL_SPI_ErrorCallback)
    HAL_SPI_IRQHandler                       0x0800231d   Thumb Code   560  stm32f4xx_hal_spi.o(.text.HAL_SPI_IRQHandler)
    HAL_SPI_Init                             0x0800254d   Thumb Code   256  stm32f4xx_hal_spi.o(.text.HAL_SPI_Init)
    HAL_SPI_MspInit                          0x0800264d   Thumb Code  1028  spi.o(.text.HAL_SPI_MspInit)
    HAL_SPI_Receive_DMA                      0x08002a51   Thumb Code   408  stm32f4xx_hal_spi.o(.text.HAL_SPI_Receive_DMA)
    HAL_SPI_RxCpltCallback                   0x08002be9   Thumb Code    40  stm32f4xx_it.o(.text.HAL_SPI_RxCpltCallback)
    HAL_SPI_RxHalfCpltCallback               0x08002c11   Thumb Code     8  stm32f4xx_hal_spi.o(.text.HAL_SPI_RxHalfCpltCallback)
    HAL_SPI_TransmitReceive                  0x08002c19   Thumb Code   930  stm32f4xx_hal_spi.o(.text.HAL_SPI_TransmitReceive)
    HAL_SPI_TransmitReceive_DMA              0x08002fbd   Thumb Code   532  stm32f4xx_hal_spi.o(.text.HAL_SPI_TransmitReceive_DMA)
    HAL_SPI_TxRxCpltCallback                 0x080031d1   Thumb Code     8  stm32f4xx_hal_spi.o(.text.HAL_SPI_TxRxCpltCallback)
    HAL_SPI_TxRxHalfCpltCallback             0x080031d9   Thumb Code     8  stm32f4xx_hal_spi.o(.text.HAL_SPI_TxRxHalfCpltCallback)
    HAL_SYSTICK_Config                       0x080031e1   Thumb Code    16  stm32f4xx_hal_cortex.o(.text.HAL_SYSTICK_Config)
    HAL_TIMEx_BreakCallback                  0x080031f1   Thumb Code     8  stm32f4xx_hal_tim_ex.o(.text.HAL_TIMEx_BreakCallback)
    HAL_TIMEx_CommutCallback                 0x080031f9   Thumb Code     8  stm32f4xx_hal_tim_ex.o(.text.HAL_TIMEx_CommutCallback)
    HAL_TIMEx_MasterConfigSynchronization    0x08003201   Thumb Code   290  stm32f4xx_hal_tim_ex.o(.text.HAL_TIMEx_MasterConfigSynchronization)
    HAL_TIM_Base_Init                        0x08003325   Thumb Code   156  stm32f4xx_hal_tim.o(.text.HAL_TIM_Base_Init)
    HAL_TIM_Base_MspInit                     0x080033c1   Thumb Code   246  tim.o(.text.HAL_TIM_Base_MspInit)
    HAL_TIM_IC_CaptureCallback               0x080034b9   Thumb Code     8  stm32f4xx_hal_tim.o(.text.HAL_TIM_IC_CaptureCallback)
    HAL_TIM_IRQHandler                       0x080034c1   Thumb Code   538  stm32f4xx_hal_tim.o(.text.HAL_TIM_IRQHandler)
    HAL_TIM_MspPostInit                      0x080036dd   Thumb Code   272  tim.o(.text.HAL_TIM_MspPostInit)
    HAL_TIM_OC_ConfigChannel                 0x080037ed   Thumb Code   164  stm32f4xx_hal_tim.o(.text.HAL_TIM_OC_ConfigChannel)
    HAL_TIM_OC_DelayElapsedCallback          0x08003891   Thumb Code     8  stm32f4xx_hal_tim.o(.text.HAL_TIM_OC_DelayElapsedCallback)
    HAL_TIM_OC_Init                          0x08003899   Thumb Code   156  stm32f4xx_hal_tim.o(.text.HAL_TIM_OC_Init)
    HAL_TIM_OC_MspInit                       0x08003935   Thumb Code     8  stm32f4xx_hal_tim.o(.text.HAL_TIM_OC_MspInit)
    HAL_TIM_PWM_ConfigChannel                0x0800393d   Thumb Code   322  stm32f4xx_hal_tim.o(.text.HAL_TIM_PWM_ConfigChannel)
    HAL_TIM_PWM_Init                         0x08003a81   Thumb Code   156  stm32f4xx_hal_tim.o(.text.HAL_TIM_PWM_Init)
    HAL_TIM_PWM_MspInit                      0x08003b1d   Thumb Code     8  stm32f4xx_hal_tim.o(.text.HAL_TIM_PWM_MspInit)
    HAL_TIM_PWM_PulseFinishedCallback        0x08003b25   Thumb Code     8  stm32f4xx_hal_tim.o(.text.HAL_TIM_PWM_PulseFinishedCallback)
    HAL_TIM_PWM_Start                        0x08003b2d   Thumb Code   458  stm32f4xx_hal_tim.o(.text.HAL_TIM_PWM_Start)
    HAL_TIM_PeriodElapsedCallback            0x08003cf9   Thumb Code     8  stm32f4xx_hal_tim.o(.text.HAL_TIM_PeriodElapsedCallback)
    HAL_TIM_SlaveConfigSynchro               0x08003d01   Thumb Code   150  stm32f4xx_hal_tim.o(.text.HAL_TIM_SlaveConfigSynchro)
    HAL_TIM_TriggerCallback                  0x08003d99   Thumb Code     8  stm32f4xx_hal_tim.o(.text.HAL_TIM_TriggerCallback)
    HAL_UART_Init                            0x08003da1   Thumb Code   158  stm32f4xx_hal_uart.o(.text.HAL_UART_Init)
    HAL_UART_MspInit                         0x08003e41   Thumb Code   142  usart.o(.text.HAL_UART_MspInit)
    HAL_UART_Transmit                        0x08003ed1   Thumb Code   304  stm32f4xx_hal_uart.o(.text.HAL_UART_Transmit)
    HardFault_Handler                        0x08004001   Thumb Code     4  stm32f4xx_it.o(.text.HardFault_Handler)
    LTC2664_voltage_to_code                  0x08004009   Thumb Code   360  ltc2664.o(.text.LTC2664_voltage_to_code)
    LTC2664_write                            0x08004171   Thumb Code   326  ltc2664.o(.text.LTC2664_write)
    LTC2664_write_command                    0x080042b9   Thumb Code   304  ltc2664.o(.text.LTC2664_write_command)
    MX_DMA_Init                              0x080043e9   Thumb Code   154  dma.o(.text.MX_DMA_Init)
    MX_GPIO_Init                             0x08004485   Thumb Code  1020  gpio.o(.text.MX_GPIO_Init)
    MX_SPI1_Init                             0x08004881   Thumb Code    82  spi.o(.text.MX_SPI1_Init)
    MX_SPI4_Init                             0x080048d5   Thumb Code    70  spi.o(.text.MX_SPI4_Init)
    MX_SPI5_Init                             0x0800491d   Thumb Code    78  spi.o(.text.MX_SPI5_Init)
    MX_SPI6_Init                             0x0800496d   Thumb Code    78  spi.o(.text.MX_SPI6_Init)
    MX_TIM2_Init                             0x080049bd   Thumb Code   206  tim.o(.text.MX_TIM2_Init)
    MX_TIM3_Init                             0x08004a8d   Thumb Code   196  tim.o(.text.MX_TIM3_Init)
    MX_TIM9_Init                             0x08004b51   Thumb Code   194  tim.o(.text.MX_TIM9_Init)
    MX_UART8_Init                            0x08004c15   Thumb Code    64  usart.o(.text.MX_UART8_Init)
    MemManage_Handler                        0x08004c55   Thumb Code     4  stm32f4xx_it.o(.text.MemManage_Handler)
    NMI_Handler                              0x08004c59   Thumb Code     4  stm32f4xx_it.o(.text.NMI_Handler)
    RTC_Alarm_IRQHandler                     0x08004cc9   Thumb Code    16  stm32f4xx_it.o(.text.RTC_Alarm_IRQHandler)
    RTC_WKUP_IRQHandler                      0x08004cd9   Thumb Code    16  stm32f4xx_it.o(.text.RTC_WKUP_IRQHandler)
    SPI1_IRQHandler                          0x08004ce9   Thumb Code    16  stm32f4xx_it.o(.text.SPI1_IRQHandler)
    SPI4_IRQHandler                          0x08004cf9   Thumb Code    16  stm32f4xx_it.o(.text.SPI4_IRQHandler)
    SPI5_IRQHandler                          0x08004d09   Thumb Code    16  stm32f4xx_it.o(.text.SPI5_IRQHandler)
    SPI6_IRQHandler                          0x08004d19   Thumb Code    16  stm32f4xx_it.o(.text.SPI6_IRQHandler)
    SysTick_Handler                          0x08005209   Thumb Code     8  main.o(.text.SysTick_Handler)
    SystemClock_Config                       0x08005211   Thumb Code   190  main.o(.text.SystemClock_Config)
    SystemInit                               0x080052d1   Thumb Code    18  system_stm32f4xx.o(.text.SystemInit)
    TIM2_IRQHandler                          0x080052e5   Thumb Code    16  stm32f4xx_it.o(.text.TIM2_IRQHandler)
    TIM_Base_SetConfig                       0x080052f5   Thumb Code   432  stm32f4xx_hal_tim.o(.text.TIM_Base_SetConfig)
    TIM_CCxChannelCmd                        0x080054a5   Thumb Code    54  stm32f4xx_hal_tim.o(.text.TIM_CCxChannelCmd)
    TIM_ETR_SetConfig                        0x080054dd   Thumb Code    52  stm32f4xx_hal_tim.o(.text.TIM_ETR_SetConfig)
    TIM_OC2_SetConfig                        0x080055fd   Thumb Code   244  stm32f4xx_hal_tim.o(.text.TIM_OC2_SetConfig)
    UsageFault_Handler                       0x08005d01   Thumb Code     4  stm32f4xx_it.o(.text.UsageFault_Handler)
    ad7768_gain_set                          0x08005dc5   Thumb Code   104  ad7768.o(.text.ad7768_gain_set)
    ad7768_offset_set                        0x08005e2d   Thumb Code   104  ad7768.o(.text.ad7768_offset_set)
    ad7768_read_cmd                          0x08005e95   Thumb Code   146  ad7768.o(.text.ad7768_read_cmd)
    add7768_write_cmd                        0x08005f29   Thumb Code    96  ad7768.o(.text.add7768_write_cmd)
    fputc                                    0x08005f89   Thumb Code    34  debug.o(.text.fputc)
    main                                     0x08005fb1   Thumb Code   892  main.o(.text.main)
    my_ad7768_init                           0x0800632d   Thumb Code   270  ad7768.o(.text.my_ad7768_init)
    offsetCalibration                        0x08006441   Thumb Code   816  ad7768.o(.text.offsetCalibration)
    set_opa                                  0x08006771   Thumb Code   350  ltc2664.o(.text.set_opa)
    __0printf                                0x080068d1   Thumb Code    22  printfa.o(i.__0printf)
    __1printf                                0x080068d1   Thumb Code     0  printfa.o(i.__0printf)
    __2printf                                0x080068d1   Thumb Code     0  printfa.o(i.__0printf)
    __c89printf                              0x080068d1   Thumb Code     0  printfa.o(i.__0printf)
    printf                                   0x080068d1   Thumb Code     0  printfa.o(i.__0printf)
    __hardfp_ceil                            0x080068f1   Thumb Code   252  ceil.o(i.__hardfp_ceil)
    __hardfp_floor                           0x08006a09   Thumb Code   252  floor.o(i.__hardfp_floor)
    __hardfp_sqrt                            0x08006b21   Thumb Code   122  sqrt.o(i.__hardfp_sqrt)
    __scatterload_copy                       0x08006b9b   Thumb Code    14  handlers.o(i.__scatterload_copy)
    __scatterload_null                       0x08006ba9   Thumb Code     2  handlers.o(i.__scatterload_null)
    __scatterload_zeroinit                   0x08006bab   Thumb Code    14  handlers.o(i.__scatterload_zeroinit)
    __set_errno                              0x08006bb9   Thumb Code     6  errno.o(i.__set_errno)
    AHBPrescTable                            0x08007476   Data          16  system_stm32f4xx.o(.rodata.AHBPrescTable)
    APBPrescTable                            0x08007486   Data           8  system_stm32f4xx.o(.rodata.APBPrescTable)
    LTC2664_MAX_OUTPUT                       0x08007498   Data          20  ltc2664.o(.rodata.LTC2664_MAX_OUTPUT)
    LTC2664_MIN_OUTPUT                       0x080074ac   Data          20  ltc2664.o(.rodata.LTC2664_MIN_OUTPUT)
    Region$$Table$$Base                      0x080075f8   Number         0  anon$$obj.o(Region$$Table)
    Region$$Table$$Limit                     0x08007618   Number         0  anon$$obj.o(Region$$Table)
    __stdout                                 0x20000000   Data           4  stdout.o(.data)
    SystemCoreClock                          0x20000008   Data           4  system_stm32f4xx.o(.data.SystemCoreClock)
    uwTickFreq                               0x2000000c   Data           1  stm32f4xx_hal.o(.data.uwTickFreq)
    uwTickPrio                               0x20000010   Data           4  stm32f4xx_hal.o(.data.uwTickPrio)
    hdma_spi4_rx                             0x20000020   Data          96  spi.o(.bss.hdma_spi4_rx)
    hdma_spi4_tx                             0x20000080   Data          96  spi.o(.bss.hdma_spi4_tx)
    hdma_spi5_rx                             0x200000e0   Data          96  spi.o(.bss.hdma_spi5_rx)
    hdma_spi5_tx                             0x20000140   Data          96  spi.o(.bss.hdma_spi5_tx)
    hrtc                                     0x200001a0   Data          32  rtc.o(.bss.hrtc)
    hspi1                                    0x200001c0   Data          88  spi.o(.bss.hspi1)
    hspi4                                    0x20000218   Data          88  spi.o(.bss.hspi4)
    hspi5                                    0x20000270   Data          88  spi.o(.bss.hspi5)
    hspi6                                    0x200002c8   Data          88  spi.o(.bss.hspi6)
    htim2                                    0x20000320   Data          72  tim.o(.bss.htim2)
    htim3                                    0x20000368   Data          72  tim.o(.bss.htim3)
    htim9                                    0x200003b0   Data          72  tim.o(.bss.htim9)
    huart8                                   0x200003f8   Data          72  usart.o(.bss.huart8)
    receive_flag                             0x20000440   Data           1  ad7768.o(.bss.receive_flag)
    reg_code                                 0x20000441   Data          90  ad7768.o(.bss.reg_code)
    rxBuffer                                 0x2000049b   Data         512  ad7768.o(.bss.rxBuffer)
    test                                     0x2000069c   Data        4000  main.o(.bss.test)
    uwTick                                   0x2000163c   Data           4  stm32f4xx_hal.o(.bss.uwTick)
    __initial_sp                             0x20001a40   Data           0  startup_stm32f427xx.o(STACK)



==============================================================================

Memory Map of the image

  Image Entry point : 0x080001ad

  Load Region LR_IROM1 (Base: 0x08000000, Size: 0x00007630, Max: 0x00200000, ABSOLUTE)

    Execution Region ER_IROM1 (Exec base: 0x08000000, Load base: 0x08000000, Size: 0x00007618, Max: 0x00200000, ABSOLUTE)

    Exec Addr    Load Addr    Size         Type   Attr      Idx    E Section Name        Object

    0x08000000   0x08000000   0x000001ac   Data   RO            3    RESET               startup_stm32f427xx.o
    0x080001ac   0x080001ac   0x00000000   Code   RO         2015  * .ARM.Collect$$$$00000000  mc_w.l(entry.o)
    0x080001ac   0x080001ac   0x00000004   Code   RO         2112    .ARM.Collect$$$$00000001  mc_w.l(entry2.o)
    0x080001b0   0x080001b0   0x00000004   Code   RO         2115    .ARM.Collect$$$$00000004  mc_w.l(entry5.o)
    0x080001b4   0x080001b4   0x00000000   Code   RO         2117    .ARM.Collect$$$$00000008  mc_w.l(entry7b.o)
    0x080001b4   0x080001b4   0x00000000   Code   RO         2119    .ARM.Collect$$$$0000000A  mc_w.l(entry8b.o)
    0x080001b4   0x080001b4   0x00000008   Code   RO         2120    .ARM.Collect$$$$0000000B  mc_w.l(entry9a.o)
    0x080001bc   0x080001bc   0x00000000   Code   RO         2122    .ARM.Collect$$$$0000000D  mc_w.l(entry10a.o)
    0x080001bc   0x080001bc   0x00000000   Code   RO         2124    .ARM.Collect$$$$0000000F  mc_w.l(entry11a.o)
    0x080001bc   0x080001bc   0x00000004   Code   RO         2113    .ARM.Collect$$$$00002712  mc_w.l(entry2.o)
    0x080001c0   0x080001c0   0x00000024   Code   RO            4    .text               startup_stm32f427xx.o
    0x080001e4   0x080001e4   0x00000062   Code   RO         2018    .text               mc_w.l(uldiv.o)
    0x08000246   0x08000246   0x00000062   Code   RO         2020    .text               mc_w.l(ldiv.o)
    0x080002a8   0x080002a8   0x00000024   Code   RO         2032    .text               mc_w.l(memseta.o)
    0x080002cc   0x080002cc   0x0000014e   Code   RO         2092    .text               mf_w.l(dadd.o)
    0x0800041a   0x0800041a   0x000000e4   Code   RO         2094    .text               mf_w.l(dmul.o)
    0x080004fe   0x080004fe   0x000000de   Code   RO         2096    .text               mf_w.l(ddiv.o)
    0x080005dc   0x080005dc   0x00000036   Code   RO         2098    .text               mf_w.l(dcmple.o)
    0x08000612   0x08000612   0x00000036   Code   RO         2100    .text               mf_w.l(dcmpge.o)
    0x08000648   0x08000648   0x00000028   Code   RO         2102    .text               mf_w.l(dfltl.o)
    0x08000670   0x08000670   0x00000018   Code   RO         2104    .text               mf_w.l(dfltul.o)
    0x08000688   0x08000688   0x00000032   Code   RO         2106    .text               mf_w.l(dfixui.o)
    0x080006ba   0x080006ba   0x00000026   Code   RO         2108    .text               mf_w.l(f2d.o)
    0x080006e0   0x080006e0   0x00000038   Code   RO         2110    .text               mf_w.l(d2f.o)
    0x08000718   0x08000718   0x0000002c   Code   RO         2136    .text               mc_w.l(uidiv.o)
    0x08000744   0x08000744   0x0000001e   Code   RO         2138    .text               mc_w.l(llshl.o)
    0x08000762   0x08000762   0x00000020   Code   RO         2140    .text               mc_w.l(llushr.o)
    0x08000782   0x08000782   0x00000024   Code   RO         2142    .text               mc_w.l(llsshr.o)
    0x080007a6   0x080007a6   0x00000000   Code   RO         2153    .text               mc_w.l(iusefp.o)
    0x080007a6   0x080007a6   0x0000006e   Code   RO         2154    .text               mf_w.l(fepilogue.o)
    0x08000814   0x08000814   0x000000ba   Code   RO         2156    .text               mf_w.l(depilogue.o)
    0x080008ce   0x080008ce   0x000000a2   Code   RO         2158    .text               mf_w.l(dsqrt.o)
    0x08000970   0x08000970   0x00000030   Code   RO         2160    .text               mf_w.l(dfixul.o)
    0x080009a0   0x080009a0   0x00000030   Code   RO         2162    .text               mf_w.l(cdrcmple.o)
    0x080009d0   0x080009d0   0x00000024   Code   RO         2164    .text               mc_w.l(init.o)
    0x080009f4   0x080009f4   0x00000004   Code   RO          165    .text.BusFault_Handler  stm32f4xx_it.o
    0x080009f8   0x080009f8   0x00000010   Code   RO          179    .text.DMA2_Stream0_IRQHandler  stm32f4xx_it.o
    0x08000a08   0x08000a08   0x00000010   Code   RO          181    .text.DMA2_Stream1_IRQHandler  stm32f4xx_it.o
    0x08000a18   0x08000a18   0x00000010   Code   RO          183    .text.DMA2_Stream4_IRQHandler  stm32f4xx_it.o
    0x08000a28   0x08000a28   0x00000010   Code   RO          185    .text.DMA2_Stream5_IRQHandler  stm32f4xx_it.o
    0x08000a38   0x08000a38   0x00000056   Code   RO          490    .text.DMA_CalcBaseAndBitshift  stm32f4xx_hal_dma.o
    0x08000a8e   0x08000a8e   0x00000002   PAD
    0x08000a90   0x08000a90   0x000000f0   Code   RO          488    .text.DMA_CheckFifoParam  stm32f4xx_hal_dma.o
    0x08000b80   0x08000b80   0x00000050   Code   RO          496    .text.DMA_SetConfig  stm32f4xx_hal_dma.o
    0x08000bd0   0x08000bd0   0x00000002   Code   RO          169    .text.DebugMon_Handler  stm32f4xx_it.o
    0x08000bd2   0x08000bd2   0x00000002   PAD
    0x08000bd4   0x08000bd4   0x00000006   Code   RO           17    .text.Error_Handler  main.o
    0x08000bda   0x08000bda   0x00000002   PAD
    0x08000bdc   0x08000bdc   0x0000005a   Code   RO         1880    .text.Fill_reg_List  ad7768.o
    0x08000c36   0x08000c36   0x00000002   PAD
    0x08000c38   0x08000c38   0x00000044   Code   RO          502    .text.HAL_DMA_Abort_IT  stm32f4xx_hal_dma.o
    0x08000c7c   0x08000c7c   0x0000031e   Code   RO          506    .text.HAL_DMA_IRQHandler  stm32f4xx_hal_dma.o
    0x08000f9a   0x08000f9a   0x00000002   PAD
    0x08000f9c   0x08000f9c   0x0000016e   Code   RO          486    .text.HAL_DMA_Init  stm32f4xx_hal_dma.o
    0x0800110a   0x0800110a   0x00000002   PAD
    0x0800110c   0x0800110c   0x000000c2   Code   RO          498    .text.HAL_DMA_Start_IT  stm32f4xx_hal_dma.o
    0x080011ce   0x080011ce   0x00000002   PAD
    0x080011d0   0x080011d0   0x00000042   Code   RO          687    .text.HAL_Delay     stm32f4xx_hal.o
    0x08001212   0x08001212   0x00000002   PAD
    0x08001214   0x08001214   0x000003ee   Code   RO          448    .text.HAL_GPIO_Init  stm32f4xx_hal_gpio.o
    0x08001602   0x08001602   0x00000002   PAD
    0x08001604   0x08001604   0x0000002e   Code   RO          454    .text.HAL_GPIO_WritePin  stm32f4xx_hal_gpio.o
    0x08001632   0x08001632   0x00000002   PAD
    0x08001634   0x08001634   0x0000000c   Code   RO          679    .text.HAL_GetTick   stm32f4xx_hal.o
    0x08001640   0x08001640   0x0000001a   Code   RO          677    .text.HAL_IncTick   stm32f4xx_hal.o
    0x0800165a   0x0800165a   0x00000002   PAD
    0x0800165c   0x0800165c   0x00000036   Code   RO          667    .text.HAL_Init      stm32f4xx_hal.o
    0x08001692   0x08001692   0x00000002   PAD
    0x08001694   0x08001694   0x00000070   Code   RO          669    .text.HAL_InitTick  stm32f4xx_hal.o
    0x08001704   0x08001704   0x0000004a   Code   RO          202    .text.HAL_MspInit   stm32f4xx_hal_msp.o
    0x0800174e   0x0800174e   0x00000002   PAD
    0x08001750   0x08001750   0x00000014   Code   RO          602    .text.HAL_NVIC_EnableIRQ  stm32f4xx_hal_cortex.o
    0x08001764   0x08001764   0x00000032   Code   RO          594    .text.HAL_NVIC_SetPriority  stm32f4xx_hal_cortex.o
    0x08001796   0x08001796   0x00000002   PAD
    0x08001798   0x08001798   0x00000010   Code   RO          590    .text.HAL_NVIC_SetPriorityGrouping  stm32f4xx_hal_cortex.o
    0x080017a8   0x080017a8   0x00000262   Code   RO          296    .text.HAL_RCC_ClockConfig  stm32f4xx_hal_rcc.o
    0x08001a0a   0x08001a0a   0x00000002   PAD
    0x08001a0c   0x08001a0c   0x0000000c   Code   RO          306    .text.HAL_RCC_GetHCLKFreq  stm32f4xx_hal_rcc.o
    0x08001a18   0x08001a18   0x00000022   Code   RO          308    .text.HAL_RCC_GetPCLK1Freq  stm32f4xx_hal_rcc.o
    0x08001a3a   0x08001a3a   0x00000002   PAD
    0x08001a3c   0x08001a3c   0x00000022   Code   RO          310    .text.HAL_RCC_GetPCLK2Freq  stm32f4xx_hal_rcc.o
    0x08001a5e   0x08001a5e   0x00000002   PAD
    0x08001a60   0x08001a60   0x000000de   Code   RO          298    .text.HAL_RCC_GetSysClockFreq  stm32f4xx_hal_rcc.o
    0x08001b3e   0x08001b3e   0x00000002   PAD
    0x08001b40   0x08001b40   0x000006be   Code   RO          294    .text.HAL_RCC_OscConfig  stm32f4xx_hal_rcc.o
    0x080021fe   0x080021fe   0x00000002   PAD
    0x08002200   0x08002200   0x00000008   Code   RO         1078    .text.HAL_RTCEx_AlarmBEventCallback  stm32f4xx_hal_rtc_ex.o
    0x08002208   0x08002208   0x00000008   Code   RO         1050    .text.HAL_RTCEx_WakeUpTimerEventCallback  stm32f4xx_hal_rtc_ex.o
    0x08002210   0x08002210   0x0000004e   Code   RO         1048    .text.HAL_RTCEx_WakeUpTimerIRQHandler  stm32f4xx_hal_rtc_ex.o
    0x0800225e   0x0800225e   0x00000002   PAD
    0x08002260   0x08002260   0x00000008   Code   RO          987    .text.HAL_RTC_AlarmAEventCallback  stm32f4xx_hal_rtc.o
    0x08002268   0x08002268   0x000000aa   Code   RO          985    .text.HAL_RTC_AlarmIRQHandler  stm32f4xx_hal_rtc.o
    0x08002312   0x08002312   0x00000002   PAD
    0x08002314   0x08002314   0x00000008   Code   RO         1364    .text.HAL_SPI_ErrorCallback  stm32f4xx_hal_spi.o
    0x0800231c   0x0800231c   0x00000230   Code   RO         1360    .text.HAL_SPI_IRQHandler  stm32f4xx_hal_spi.o
    0x0800254c   0x0800254c   0x00000100   Code   RO         1280    .text.HAL_SPI_Init  stm32f4xx_hal_spi.o
    0x0800264c   0x0800264c   0x00000404   Code   RO          104    .text.HAL_SPI_MspInit  spi.o
    0x08002a50   0x08002a50   0x00000198   Code   RO         1328    .text.HAL_SPI_Receive_DMA  stm32f4xx_hal_spi.o
    0x08002be8   0x08002be8   0x00000028   Code   RO          193    .text.HAL_SPI_RxCpltCallback  stm32f4xx_it.o
    0x08002c10   0x08002c10   0x00000008   Code   RO         1374    .text.HAL_SPI_RxHalfCpltCallback  stm32f4xx_hal_spi.o
    0x08002c18   0x08002c18   0x000003a2   Code   RO         1294    .text.HAL_SPI_TransmitReceive  stm32f4xx_hal_spi.o
    0x08002fba   0x08002fba   0x00000002   PAD
    0x08002fbc   0x08002fbc   0x00000214   Code   RO         1330    .text.HAL_SPI_TransmitReceive_DMA  stm32f4xx_hal_spi.o
    0x080031d0   0x080031d0   0x00000008   Code   RO         1370    .text.HAL_SPI_TxRxCpltCallback  stm32f4xx_hal_spi.o
    0x080031d8   0x080031d8   0x00000008   Code   RO         1376    .text.HAL_SPI_TxRxHalfCpltCallback  stm32f4xx_hal_spi.o
    0x080031e0   0x080031e0   0x00000010   Code   RO          614    .text.HAL_SYSTICK_Config  stm32f4xx_hal_cortex.o
    0x080031f0   0x080031f0   0x00000008   Code   RO         1720    .text.HAL_TIMEx_BreakCallback  stm32f4xx_hal_tim_ex.o
    0x080031f8   0x080031f8   0x00000008   Code   RO         1716    .text.HAL_TIMEx_CommutCallback  stm32f4xx_hal_tim_ex.o
    0x08003200   0x08003200   0x00000122   Code   RO         1710    .text.HAL_TIMEx_MasterConfigSynchronization  stm32f4xx_hal_tim_ex.o
    0x08003322   0x08003322   0x00000002   PAD
    0x08003324   0x08003324   0x0000009c   Code   RO         1397    .text.HAL_TIM_Base_Init  stm32f4xx_hal_tim.o
    0x080033c0   0x080033c0   0x000000f6   Code   RO          131    .text.HAL_TIM_Base_MspInit  tim.o
    0x080034b6   0x080034b6   0x00000002   PAD
    0x080034b8   0x080034b8   0x00000008   Code   RO         1533    .text.HAL_TIM_IC_CaptureCallback  stm32f4xx_hal_tim.o
    0x080034c0   0x080034c0   0x0000021a   Code   RO         1531    .text.HAL_TIM_IRQHandler  stm32f4xx_hal_tim.o
    0x080036da   0x080036da   0x00000002   PAD
    0x080036dc   0x080036dc   0x00000110   Code   RO          125    .text.HAL_TIM_MspPostInit  tim.o
    0x080037ec   0x080037ec   0x000000a4   Code   RO         1543    .text.HAL_TIM_OC_ConfigChannel  stm32f4xx_hal_tim.o
    0x08003890   0x08003890   0x00000008   Code   RO         1535    .text.HAL_TIM_OC_DelayElapsedCallback  stm32f4xx_hal_tim.o
    0x08003898   0x08003898   0x0000009c   Code   RO         1425    .text.HAL_TIM_OC_Init  stm32f4xx_hal_tim.o
    0x08003934   0x08003934   0x00000008   Code   RO         1427    .text.HAL_TIM_OC_MspInit  stm32f4xx_hal_tim.o
    0x0800393c   0x0800393c   0x00000142   Code   RO         1563    .text.HAL_TIM_PWM_ConfigChannel  stm32f4xx_hal_tim.o
    0x08003a7e   0x08003a7e   0x00000002   PAD
    0x08003a80   0x08003a80   0x0000009c   Code   RO         1451    .text.HAL_TIM_PWM_Init  stm32f4xx_hal_tim.o
    0x08003b1c   0x08003b1c   0x00000008   Code   RO         1453    .text.HAL_TIM_PWM_MspInit  stm32f4xx_hal_tim.o
    0x08003b24   0x08003b24   0x00000008   Code   RO         1537    .text.HAL_TIM_PWM_PulseFinishedCallback  stm32f4xx_hal_tim.o
    0x08003b2c   0x08003b2c   0x000001ca   Code   RO         1459    .text.HAL_TIM_PWM_Start  stm32f4xx_hal_tim.o
    0x08003cf6   0x08003cf6   0x00000002   PAD
    0x08003cf8   0x08003cf8   0x00000008   Code   RO         1539    .text.HAL_TIM_PeriodElapsedCallback  stm32f4xx_hal_tim.o
    0x08003d00   0x08003d00   0x00000096   Code   RO         1599    .text.HAL_TIM_SlaveConfigSynchro  stm32f4xx_hal_tim.o
    0x08003d96   0x08003d96   0x00000002   PAD
    0x08003d98   0x08003d98   0x00000008   Code   RO         1541    .text.HAL_TIM_TriggerCallback  stm32f4xx_hal_tim.o
    0x08003da0   0x08003da0   0x0000009e   Code   RO         1733    .text.HAL_UART_Init  stm32f4xx_hal_uart.o
    0x08003e3e   0x08003e3e   0x00000002   PAD
    0x08003e40   0x08003e40   0x0000008e   Code   RO          147    .text.HAL_UART_MspInit  usart.o
    0x08003ece   0x08003ece   0x00000002   PAD
    0x08003ed0   0x08003ed0   0x00000130   Code   RO         1749    .text.HAL_UART_Transmit  stm32f4xx_hal_uart.o
    0x08004000   0x08004000   0x00000004   Code   RO          161    .text.HardFault_Handler  stm32f4xx_it.o
    0x08004004   0x08004004   0x00000004   PAD
    0x08004008   0x08004008   0x00000168   Code   RO         1972    .text.LTC2664_voltage_to_code  ltc2664.o
    0x08004170   0x08004170   0x00000146   Code   RO         1968    .text.LTC2664_write  ltc2664.o
    0x080042b6   0x080042b6   0x00000002   PAD
    0x080042b8   0x080042b8   0x00000130   Code   RO         1970    .text.LTC2664_write_command  ltc2664.o
    0x080043e8   0x080043e8   0x0000009a   Code   RO           51    .text.MX_DMA_Init   dma.o
    0x08004482   0x08004482   0x00000002   PAD
    0x08004484   0x08004484   0x000003fc   Code   RO           29    .text.MX_GPIO_Init  gpio.o
    0x08004880   0x08004880   0x00000052   Code   RO           96    .text.MX_SPI1_Init  spi.o
    0x080048d2   0x080048d2   0x00000002   PAD
    0x080048d4   0x080048d4   0x00000046   Code   RO           98    .text.MX_SPI4_Init  spi.o
    0x0800491a   0x0800491a   0x00000002   PAD
    0x0800491c   0x0800491c   0x0000004e   Code   RO          100    .text.MX_SPI5_Init  spi.o
    0x0800496a   0x0800496a   0x00000002   PAD
    0x0800496c   0x0800496c   0x0000004e   Code   RO          102    .text.MX_SPI6_Init  spi.o
    0x080049ba   0x080049ba   0x00000002   PAD
    0x080049bc   0x080049bc   0x000000ce   Code   RO          123    .text.MX_TIM2_Init  tim.o
    0x08004a8a   0x08004a8a   0x00000002   PAD
    0x08004a8c   0x08004a8c   0x000000c4   Code   RO          127    .text.MX_TIM3_Init  tim.o
    0x08004b50   0x08004b50   0x000000c2   Code   RO          129    .text.MX_TIM9_Init  tim.o
    0x08004c12   0x08004c12   0x00000002   PAD
    0x08004c14   0x08004c14   0x00000040   Code   RO          145    .text.MX_UART8_Init  usart.o
    0x08004c54   0x08004c54   0x00000004   Code   RO          163    .text.MemManage_Handler  stm32f4xx_it.o
    0x08004c58   0x08004c58   0x00000004   Code   RO          159    .text.NMI_Handler   stm32f4xx_it.o
    0x08004c5c   0x08004c5c   0x0000006c   Code   RO          600    .text.NVIC_EncodePriority  stm32f4xx_hal_cortex.o
    0x08004cc8   0x08004cc8   0x00000010   Code   RO          177    .text.RTC_Alarm_IRQHandler  stm32f4xx_it.o
    0x08004cd8   0x08004cd8   0x00000010   Code   RO          171    .text.RTC_WKUP_IRQHandler  stm32f4xx_it.o
    0x08004ce8   0x08004ce8   0x00000010   Code   RO          175    .text.SPI1_IRQHandler  stm32f4xx_it.o
    0x08004cf8   0x08004cf8   0x00000010   Code   RO          187    .text.SPI4_IRQHandler  stm32f4xx_it.o
    0x08004d08   0x08004d08   0x00000010   Code   RO          189    .text.SPI5_IRQHandler  stm32f4xx_it.o
    0x08004d18   0x08004d18   0x00000010   Code   RO          191    .text.SPI6_IRQHandler  stm32f4xx_it.o
    0x08004d28   0x08004d28   0x00000020   Code   RO         1362    .text.SPI_DMAAbortOnError  stm32f4xx_hal_spi.o
    0x08004d48   0x08004d48   0x00000034   Code   RO         1326    .text.SPI_DMAError  stm32f4xx_hal_spi.o
    0x08004d7c   0x08004d7c   0x00000016   Code   RO         1332    .text.SPI_DMAHalfReceiveCplt  stm32f4xx_hal_spi.o
    0x08004d92   0x08004d92   0x00000002   PAD
    0x08004d94   0x08004d94   0x00000016   Code   RO         1336    .text.SPI_DMAHalfTransmitReceiveCplt  stm32f4xx_hal_spi.o
    0x08004daa   0x08004daa   0x00000002   PAD
    0x08004dac   0x08004dac   0x000000a2   Code   RO         1334    .text.SPI_DMAReceiveCplt  stm32f4xx_hal_spi.o
    0x08004e4e   0x08004e4e   0x00000002   PAD
    0x08004e50   0x08004e50   0x00000086   Code   RO         1338    .text.SPI_DMATransmitReceiveCplt  stm32f4xx_hal_spi.o
    0x08004ed6   0x08004ed6   0x00000002   PAD
    0x08004ed8   0x08004ed8   0x000000e4   Code   RO         1296    .text.SPI_EndRxTransaction  stm32f4xx_hal_spi.o
    0x08004fbc   0x08004fbc   0x000000cc   Code   RO         1290    .text.SPI_EndRxTxTransaction  stm32f4xx_hal_spi.o
    0x08005088   0x08005088   0x0000012a   Code   RO         1388    .text.SPI_WaitFlagStateUntilTimeout  stm32f4xx_hal_spi.o
    0x080051b2   0x080051b2   0x00000002   PAD
    0x080051b4   0x080051b4   0x00000052   Code   RO          616    .text.SysTick_Config  stm32f4xx_hal_cortex.o
    0x08005206   0x08005206   0x00000002   PAD
    0x08005208   0x08005208   0x00000008   Code   RO           15    .text.SysTick_Handler  main.o
    0x08005210   0x08005210   0x000000be   Code   RO           13    .text.SystemClock_Config  main.o
    0x080052ce   0x080052ce   0x00000002   PAD
    0x080052d0   0x080052d0   0x00000012   Code   RO         1864    .text.SystemInit    system_stm32f4xx.o
    0x080052e2   0x080052e2   0x00000002   PAD
    0x080052e4   0x080052e4   0x00000010   Code   RO          173    .text.TIM2_IRQHandler  stm32f4xx_it.o
    0x080052f4   0x080052f4   0x000001b0   Code   RO         1401    .text.TIM_Base_SetConfig  stm32f4xx_hal_tim.o
    0x080054a4   0x080054a4   0x00000036   Code   RO         1435    .text.TIM_CCxChannelCmd  stm32f4xx_hal_tim.o
    0x080054da   0x080054da   0x00000002   PAD
    0x080054dc   0x080054dc   0x00000034   Code   RO         1587    .text.TIM_ETR_SetConfig  stm32f4xx_hal_tim.o
    0x08005510   0x08005510   0x000000ea   Code   RO         1545    .text.TIM_OC1_SetConfig  stm32f4xx_hal_tim.o
    0x080055fa   0x080055fa   0x00000002   PAD
    0x080055fc   0x080055fc   0x000000f4   Code   RO         1547    .text.TIM_OC2_SetConfig  stm32f4xx_hal_tim.o
    0x080056f0   0x080056f0   0x000000f2   Code   RO         1549    .text.TIM_OC3_SetConfig  stm32f4xx_hal_tim.o
    0x080057e2   0x080057e2   0x00000002   PAD
    0x080057e4   0x080057e4   0x000000a4   Code   RO         1551    .text.TIM_OC4_SetConfig  stm32f4xx_hal_tim.o
    0x08005888   0x08005888   0x00000128   Code   RO         1601    .text.TIM_SlaveTimer_SetConfig  stm32f4xx_hal_tim.o
    0x080059b0   0x080059b0   0x00000050   Code   RO         1591    .text.TIM_TI1_ConfigInputStage  stm32f4xx_hal_tim.o
    0x08005a00   0x08005a00   0x00000052   Code   RO         1595    .text.TIM_TI2_ConfigInputStage  stm32f4xx_hal_tim.o
    0x08005a52   0x08005a52   0x00000002   PAD
    0x08005a54   0x08005a54   0x00000094   Code   RO         1781    .text.UART_EndRxTransfer  stm32f4xx_hal_uart.o
    0x08005ae8   0x08005ae8   0x0000013a   Code   RO         1737    .text.UART_SetConfig  stm32f4xx_hal_uart.o
    0x08005c22   0x08005c22   0x00000002   PAD
    0x08005c24   0x08005c24   0x000000da   Code   RO         1751    .text.UART_WaitOnFlagUntilTimeout  stm32f4xx_hal_uart.o
    0x08005cfe   0x08005cfe   0x00000002   PAD
    0x08005d00   0x08005d00   0x00000004   Code   RO          167    .text.UsageFault_Handler  stm32f4xx_it.o
    0x08005d04   0x08005d04   0x00000030   Code   RO          604    .text.__NVIC_EnableIRQ  stm32f4xx_hal_cortex.o
    0x08005d34   0x08005d34   0x00000010   Code   RO          596    .text.__NVIC_GetPriorityGrouping  stm32f4xx_hal_cortex.o
    0x08005d44   0x08005d44   0x00000042   Code   RO          598    .text.__NVIC_SetPriority  stm32f4xx_hal_cortex.o
    0x08005d86   0x08005d86   0x00000002   PAD
    0x08005d88   0x08005d88   0x0000003c   Code   RO          592    .text.__NVIC_SetPriorityGrouping  stm32f4xx_hal_cortex.o
    0x08005dc4   0x08005dc4   0x00000068   Code   RO         1884    .text.ad7768_gain_set  ad7768.o
    0x08005e2c   0x08005e2c   0x00000068   Code   RO         1888    .text.ad7768_offset_set  ad7768.o
    0x08005e94   0x08005e94   0x00000092   Code   RO         1886    .text.ad7768_read_cmd  ad7768.o
    0x08005f26   0x08005f26   0x00000002   PAD
    0x08005f28   0x08005f28   0x00000060   Code   RO         1882    .text.add7768_write_cmd  ad7768.o
    0x08005f88   0x08005f88   0x00000022   Code   RO         1990    .text.fputc         debug.o
    0x08005faa   0x08005faa   0x00000006   PAD
    0x08005fb0   0x08005fb0   0x0000037c   Code   RO           11    .text.main          main.o
    0x0800632c   0x0800632c   0x0000010e   Code   RO         1878    .text.my_ad7768_init  ad7768.o
    0x0800643a   0x0800643a   0x00000006   PAD
    0x08006440   0x08006440   0x00000330   Code   RO         1890    .text.offsetCalibration  ad7768.o
    0x08006770   0x08006770   0x0000015e   Code   RO         1976    .text.set_opa       ltc2664.o
    0x080068ce   0x080068ce   0x00000002   PAD
    0x080068d0   0x080068d0   0x00000020   Code   RO         2037    i.__0printf         mc_w.l(printfa.o)
    0x080068f0   0x080068f0   0x00000118   Code   RO         1997    i.__hardfp_ceil     m_wm.l(ceil.o)
    0x08006a08   0x08006a08   0x00000118   Code   RO         2003    i.__hardfp_floor    m_wm.l(floor.o)
    0x08006b20   0x08006b20   0x0000007a   Code   RO         2009    i.__hardfp_sqrt     m_wm.l(sqrt.o)
    0x08006b9a   0x08006b9a   0x0000000e   Code   RO         2168    i.__scatterload_copy  mc_w.l(handlers.o)
    0x08006ba8   0x08006ba8   0x00000002   Code   RO         2169    i.__scatterload_null  mc_w.l(handlers.o)
    0x08006baa   0x08006baa   0x0000000e   Code   RO         2170    i.__scatterload_zeroinit  mc_w.l(handlers.o)
    0x08006bb8   0x08006bb8   0x0000000c   Code   RO         2148    i.__set_errno       mc_w.l(errno.o)
    0x08006bc4   0x08006bc4   0x00000184   Code   RO         2044    i._fp_digits        mc_w.l(printfa.o)
    0x08006d48   0x08006d48   0x000006dc   Code   RO         2045    i._printf_core      mc_w.l(printfa.o)
    0x08007424   0x08007424   0x00000024   Code   RO         2046    i._printf_post_padding  mc_w.l(printfa.o)
    0x08007448   0x08007448   0x0000002e   Code   RO         2047    i._printf_pre_padding  mc_w.l(printfa.o)
    0x08007476   0x08007476   0x00000010   Data   RO         1869    .rodata.AHBPrescTable  system_stm32f4xx.o
    0x08007486   0x08007486   0x00000008   Data   RO         1870    .rodata.APBPrescTable  system_stm32f4xx.o
    0x0800748e   0x0800748e   0x00000008   Data   RO          516    .rodata.DMA_CalcBaseAndBitshift.flagBitshiftOffset  stm32f4xx_hal_dma.o
    0x08007496   0x08007496   0x00000002   PAD
    0x08007498   0x08007498   0x00000014   Data   RO         1979    .rodata.LTC2664_MAX_OUTPUT  ltc2664.o
    0x080074ac   0x080074ac   0x00000014   Data   RO         1978    .rodata.LTC2664_MIN_OUTPUT  ltc2664.o
    0x080074c0   0x080074c0   0x00000024   Data   RO           19    .rodata.str1.1      main.o
    0x080074e4   0x080074e4   0x0000006b   Data   RO         1896    .rodata.str1.1      ad7768.o
    0x0800754f   0x0800754f   0x000000a6   Data   RO         1981    .rodata.str1.1      ltc2664.o
    0x080075f5   0x080075f5   0x00000003   PAD
    0x080075f8   0x080075f8   0x00000020   Data   RO         2167    Region$$Table       anon$$obj.o


    Execution Region RW_IRAM2 (Exec base: 0x10000000, Load base: 0x08007630, Size: 0x00000000, Max: 0x00010000, ABSOLUTE)

    **** No section assigned to this execution region ****


    Execution Region RW_IRAM1 (Exec base: 0x20000000, Load base: 0x08007618, Size: 0x00001a40, Max: 0x00030000, ABSOLUTE)

    Exec Addr    Load Addr    Size         Type   Attr      Idx    E Section Name        Object

    0x20000000   0x08007618   0x00000004   Data   RW         2126    .data               mc_w.l(stdout.o)
    0x20000004   0x0800761c   0x00000004   Data   RW         2149    .data               mc_w.l(errno.o)
    0x20000008   0x08007620   0x00000004   Data   RW         1868    .data.SystemCoreClock  system_stm32f4xx.o
    0x2000000c   0x08007624   0x00000001   Data   RW          726    .data.uwTickFreq    stm32f4xx_hal.o
    0x2000000d   0x08007625   0x00000003   PAD
    0x20000010   0x08007628   0x00000004   Data   RW          725    .data.uwTickPrio    stm32f4xx_hal.o
    0x20000014   0x0800762c   0x00000004   PAD
    0x20000018        -       0x00000003   Zero   RW         1980    .bss.LTC2664_write.last_data_array  ltc2664.o
    0x2000001b        -       0x00000003   Zero   RW         1982    .bss.LTC2664_write_command.last_data_array  ltc2664.o
    0x2000001e   0x0800762c   0x00000002   PAD
    0x20000020        -       0x00000060   Zero   RW          112    .bss.hdma_spi4_rx   spi.o
    0x20000080        -       0x00000060   Zero   RW          113    .bss.hdma_spi4_tx   spi.o
    0x200000e0        -       0x00000060   Zero   RW          114    .bss.hdma_spi5_rx   spi.o
    0x20000140        -       0x00000060   Zero   RW          115    .bss.hdma_spi5_tx   spi.o
    0x200001a0        -       0x00000020   Zero   RW           88    .bss.hrtc           rtc.o
    0x200001c0        -       0x00000058   Zero   RW          108    .bss.hspi1          spi.o
    0x20000218        -       0x00000058   Zero   RW          109    .bss.hspi4          spi.o
    0x20000270        -       0x00000058   Zero   RW          110    .bss.hspi5          spi.o
    0x200002c8        -       0x00000058   Zero   RW          111    .bss.hspi6          spi.o
    0x20000320        -       0x00000048   Zero   RW          135    .bss.htim2          tim.o
    0x20000368        -       0x00000048   Zero   RW          136    .bss.htim3          tim.o
    0x200003b0        -       0x00000048   Zero   RW          137    .bss.htim9          tim.o
    0x200003f8        -       0x00000048   Zero   RW          151    .bss.huart8         usart.o
    0x20000440        -       0x00000001   Zero   RW         1893    .bss.receive_flag   ad7768.o
    0x20000441        -       0x0000005a   Zero   RW         1897    .bss.reg_code       ad7768.o
    0x2000049b        -       0x00000200   Zero   RW         1892    .bss.rxBuffer       ad7768.o
    0x2000069b   0x0800762c   0x00000001   PAD
    0x2000069c        -       0x00000fa0   Zero   RW           20    .bss.test           main.o
    0x2000163c        -       0x00000004   Zero   RW          727    .bss.uwTick         stm32f4xx_hal.o
    0x20001640        -       0x00000400   Zero   RW            1    STACK               startup_stm32f427xx.o


==============================================================================

Image component sizes


      Code (inc. data)   RO Data    RW Data    ZI Data      Debug   Object Name

      1626         16        107          0        603       3188   ad7768.o
        34          0          0          0          0        824   debug.o
       154          0          0          0          0       3476   dma.o
      1020          0          0          0          0       2525   gpio.o
      1340         32        206          0          6       3386   ltc2664.o
      1096         12         36          0       4000       4454   main.o
         0          0          0          0         32       5760   rtc.o
      1336          0          0          0        736       8294   spi.o
        36          8        428          0       1024        836   startup_stm32f427xx.o
       270          0          0          5          4       7481   stm32f4xx_hal.o
       482          0          0          0          0       9823   stm32f4xx_hal_cortex.o
      1832          8          8          0          0       8474   stm32f4xx_hal_dma.o
      1052          0          0          0          0       5183   stm32f4xx_hal_gpio.o
        74          0          0          0          0       1528   stm32f4xx_hal_msp.o
      2638          0          0          0          0       7617   stm32f4xx_hal_rcc.o
       178          0          0          0          0       9997   stm32f4xx_hal_rtc.o
        94          0          0          0          0      11722   stm32f4xx_hal_rtc_ex.o
      3872          0          0          0          0      19368   stm32f4xx_hal_spi.o
      4036         28          0          0          0      35850   stm32f4xx_hal_tim.o
       306          0          0          0          0      15265   stm32f4xx_hal_tim_ex.o
      1142          0          0          0          0      20235   stm32f4xx_hal_uart.o
       238          0          0          0          0       4800   stm32f4xx_it.o
        18          0         24          4          0       2574   system_stm32f4xx.o
      1114          0          0          0        216       7040   tim.o
       206          0          0          0         72       4919   usart.o

    ----------------------------------------------------------------------
     24320        104        846         12       6700     204619   Object Totals
         0          0         32          0          0          0   (incl. Generated)
       126          0          5          3          7          0   (incl. Padding)

    ----------------------------------------------------------------------

      Code (inc. data)   RO Data    RW Data    ZI Data      Debug   Library Member Name

       280         28          0          0          0        156   ceil.o
       280         28          0          0          0        156   floor.o
       122          0          0          0          0        148   sqrt.o
         0          0          0          0          0          0   entry.o
         0          0          0          0          0          0   entry10a.o
         0          0          0          0          0          0   entry11a.o
         8          4          0          0          0          0   entry2.o
         4          0          0          0          0          0   entry5.o
         0          0          0          0          0          0   entry7b.o
         0          0          0          0          0          0   entry8b.o
         8          4          0          0          0          0   entry9a.o
        12          6          0          4          0         68   errno.o
        30          0          0          0          0          0   handlers.o
        36          8          0          0          0         68   init.o
         0          0          0          0          0          0   iusefp.o
        98          0          0          0          0         84   ldiv.o
        30          0          0          0          0         68   llshl.o
        36          0          0          0          0         68   llsshr.o
        32          0          0          0          0         68   llushr.o
        36          0          0          0          0        108   memseta.o
      2258         90          0          0          0        452   printfa.o
         0          0          0          4          0          0   stdout.o
        44          0          0          0          0         80   uidiv.o
        98          0          0          0          0         92   uldiv.o
        48          0          0          0          0         68   cdrcmple.o
        56          0          0          0          0         88   d2f.o
       334          0          0          0          0        148   dadd.o
        54          0          0          0          0         80   dcmpge.o
        54          0          0          0          0         80   dcmple.o
       222          0          0          0          0        100   ddiv.o
       186          0          0          0          0        176   depilogue.o
        50          0          0          0          0         76   dfixui.o
        48          0          0          0          0         68   dfixul.o
        40          0          0          0          0         80   dfltl.o
        24          0          0          0          0         76   dfltul.o
       228          0          0          0          0         96   dmul.o
       162          0          0          0          0        100   dsqrt.o
        38          0          0          0          0         68   f2d.o
       110          0          0          0          0        168   fepilogue.o

    ----------------------------------------------------------------------
      5066        168          0          8          0       3088   Library Totals
         0          0          0          0          0          0   (incl. Padding)

    ----------------------------------------------------------------------

      Code (inc. data)   RO Data    RW Data    ZI Data      Debug   Library Name

       682         56          0          0          0        460   m_wm.l
      2730        112          0          8          0       1156   mc_w.l
      1654          0          0          0          0       1472   mf_w.l

    ----------------------------------------------------------------------
      5066        168          0          8          0       3088   Library Totals

    ----------------------------------------------------------------------

==============================================================================


      Code (inc. data)   RO Data    RW Data    ZI Data      Debug   

     29386        272        846         20       6700     205919   Grand Totals
     29386        272        846         20       6700     205919   ELF Image Totals
     29386        272        846         20          0          0   ROM Totals

==============================================================================

    Total RO  Size (Code + RO Data)                30232 (  29.52kB)
    Total RW  Size (RW Data + ZI Data)              6720 (   6.56kB)
    Total ROM Size (Code + RO Data + RW Data)      30252 (  29.54kB)

==============================================================================

